Component: Arm Compiler for Embedded 6.19 Tool: armlink [5e73cb00]

==============================================================================

Section Cross References

    startup_stm32f407xx.o(RESET) refers to startup_stm32f407xx.o(STACK) for __initial_sp
    startup_stm32f407xx.o(RESET) refers to startup_stm32f407xx.o(.text) for Reset_Handler
    startup_stm32f407xx.o(RESET) refers to stm32f4xx_it.o(.text.NMI_Handler) for NMI_Handler
    startup_stm32f407xx.o(RESET) refers to stm32f4xx_it.o(.text.HardFault_Handler) for HardFault_Handler
    startup_stm32f407xx.o(RESET) refers to stm32f4xx_it.o(.text.MemManage_Handler) for MemManage_Handler
    startup_stm32f407xx.o(RESET) refers to stm32f4xx_it.o(.text.BusFault_Handler) for BusFault_Handler
    startup_stm32f407xx.o(RESET) refers to stm32f4xx_it.o(.text.UsageFault_Handler) for UsageFault_Handler
    startup_stm32f407xx.o(RESET) refers to stm32f4xx_it.o(.text.SVC_Handler) for SVC_Handler
    startup_stm32f407xx.o(RESET) refers to stm32f4xx_it.o(.text.DebugMon_Handler) for DebugMon_Handler
    startup_stm32f407xx.o(RESET) refers to stm32f4xx_it.o(.text.PendSV_Handler) for PendSV_Handler
    startup_stm32f407xx.o(RESET) refers to stm32f4xx_it.o(.text.SysTick_Handler) for SysTick_Handler
    startup_stm32f407xx.o(RESET) refers to stm32f4xx_it.o(.text.EXTI0_IRQHandler) for EXTI0_IRQHandler
    startup_stm32f407xx.o(RESET) refers to usart.o(.text.USART1_IRQHandler) for USART1_IRQHandler
    startup_stm32f407xx.o(.text) refers to system_stm32f4xx.o(.text.SystemInit) for SystemInit
    startup_stm32f407xx.o(.text) refers to entry.o(.ARM.Collect$$$$00000000) for __main
    system_stm32f4xx.o(.ARM.exidx.text.SystemInit) refers to system_stm32f4xx.o(.text.SystemInit) for [Anonymous Symbol]
    system_stm32f4xx.o(.text.SystemCoreClockUpdate) refers to system_stm32f4xx.o(.data.SystemCoreClock) for SystemCoreClock
    system_stm32f4xx.o(.text.SystemCoreClockUpdate) refers to system_stm32f4xx.o(.rodata.AHBPrescTable) for AHBPrescTable
    system_stm32f4xx.o(.ARM.exidx.text.SystemCoreClockUpdate) refers to system_stm32f4xx.o(.text.SystemCoreClockUpdate) for [Anonymous Symbol]
    stm32f4xx_hal.o(.text.HAL_Init) refers to stm32f4xx_hal_cortex.o(.text.HAL_NVIC_SetPriorityGrouping) for HAL_NVIC_SetPriorityGrouping
    stm32f4xx_hal.o(.text.HAL_Init) refers to stm32f4xx_hal.o(.text.HAL_InitTick) for HAL_InitTick
    stm32f4xx_hal.o(.text.HAL_Init) refers to stm32f4xx_hal_msp_template.o(.text.HAL_MspInit) for HAL_MspInit
    stm32f4xx_hal.o(.ARM.exidx.text.HAL_Init) refers to stm32f4xx_hal.o(.text.HAL_Init) for [Anonymous Symbol]
    stm32f4xx_hal.o(.text.HAL_InitTick) refers to stm32f4xx_hal.o(.data.uwTickFreq) for uwTickFreq
    stm32f4xx_hal.o(.text.HAL_InitTick) refers to system_stm32f4xx.o(.data.SystemCoreClock) for SystemCoreClock
    stm32f4xx_hal.o(.text.HAL_InitTick) refers to stm32f4xx_hal_cortex.o(.text.HAL_SYSTICK_Config) for HAL_SYSTICK_Config
    stm32f4xx_hal.o(.text.HAL_InitTick) refers to stm32f4xx_hal_cortex.o(.text.HAL_NVIC_SetPriority) for HAL_NVIC_SetPriority
    stm32f4xx_hal.o(.text.HAL_InitTick) refers to stm32f4xx_hal.o(.data.uwTickPrio) for uwTickPrio
    stm32f4xx_hal.o(.ARM.exidx.text.HAL_InitTick) refers to stm32f4xx_hal.o(.text.HAL_InitTick) for [Anonymous Symbol]
    stm32f4xx_hal.o(.ARM.exidx.text.HAL_MspInit) refers to stm32f4xx_hal.o(.text.HAL_MspInit) for [Anonymous Symbol]
    stm32f4xx_hal.o(.text.HAL_DeInit) refers to stm32f4xx_hal_msp_template.o(.text.HAL_MspDeInit) for HAL_MspDeInit
    stm32f4xx_hal.o(.ARM.exidx.text.HAL_DeInit) refers to stm32f4xx_hal.o(.text.HAL_DeInit) for [Anonymous Symbol]
    stm32f4xx_hal.o(.ARM.exidx.text.HAL_MspDeInit) refers to stm32f4xx_hal.o(.text.HAL_MspDeInit) for [Anonymous Symbol]
    stm32f4xx_hal.o(.text.HAL_IncTick) refers to stm32f4xx_hal.o(.data.uwTickFreq) for uwTickFreq
    stm32f4xx_hal.o(.text.HAL_IncTick) refers to stm32f4xx_hal.o(.bss.uwTick) for uwTick
    stm32f4xx_hal.o(.ARM.exidx.text.HAL_IncTick) refers to stm32f4xx_hal.o(.text.HAL_IncTick) for [Anonymous Symbol]
    stm32f4xx_hal.o(.text.HAL_GetTick) refers to stm32f4xx_hal.o(.bss.uwTick) for uwTick
    stm32f4xx_hal.o(.ARM.exidx.text.HAL_GetTick) refers to stm32f4xx_hal.o(.text.HAL_GetTick) for [Anonymous Symbol]
    stm32f4xx_hal.o(.text.HAL_GetTickPrio) refers to stm32f4xx_hal.o(.data.uwTickPrio) for uwTickPrio
    stm32f4xx_hal.o(.ARM.exidx.text.HAL_GetTickPrio) refers to stm32f4xx_hal.o(.text.HAL_GetTickPrio) for [Anonymous Symbol]
    stm32f4xx_hal.o(.text.HAL_SetTickFreq) refers to stm32f4xx_hal.o(.data.uwTickFreq) for uwTickFreq
    stm32f4xx_hal.o(.text.HAL_SetTickFreq) refers to stm32f4xx_hal.o(.data.uwTickPrio) for uwTickPrio
    stm32f4xx_hal.o(.text.HAL_SetTickFreq) refers to stm32f4xx_hal.o(.text.HAL_InitTick) for HAL_InitTick
    stm32f4xx_hal.o(.ARM.exidx.text.HAL_SetTickFreq) refers to stm32f4xx_hal.o(.text.HAL_SetTickFreq) for [Anonymous Symbol]
[...]
    Removing stm32f4xx_hal_uart.o(.ARM.exidx.text.UART_DMATxOnlyAbortCallback), (8 bytes).
    Removing stm32f4xx_hal_uart.o(.text.HAL_UART_AbortTransmitCpltCallback), (2 bytes).
    Removing stm32f4xx_hal_uart.o(.ARM.exidx.text.HAL_UART_AbortTransmitCpltCallback), (8 bytes).
    Removing stm32f4xx_hal_uart.o(.text.HAL_UART_AbortReceive_IT), (108 bytes).
    Removing stm32f4xx_hal_uart.o(.ARM.exidx.text.HAL_UART_AbortReceive_IT), (8 bytes).
    Removing stm32f4xx_hal_uart.o(.text.UART_DMARxOnlyAbortCallback), (16 bytes).
    Removing stm32f4xx_hal_uart.o(.ARM.exidx.text.UART_DMARxOnlyAbortCallback), (8 bytes).
    Removing stm32f4xx_hal_uart.o(.text.HAL_UART_AbortReceiveCpltCallback), (2 bytes).
    Removing stm32f4xx_hal_uart.o(.ARM.exidx.text.HAL_UART_AbortReceiveCpltCallback), (8 bytes).
    Removing stm32f4xx_hal_uart.o(.ARM.exidx.text.HAL_UART_IRQHandler), (8 bytes).
    Removing stm32f4xx_hal_uart.o(.ARM.exidx.text.UART_Receive_IT), (8 bytes).
    Removing stm32f4xx_hal_uart.o(.ARM.exidx.text.UART_DMAAbortOnError), (8 bytes).
    Removing stm32f4xx_hal_uart.o(.ARM.exidx.text.HAL_UART_ErrorCallback), (8 bytes).
    Removing stm32f4xx_hal_uart.o(.ARM.exidx.text.HAL_UART_TxCpltCallback), (8 bytes).
    Removing stm32f4xx_hal_uart.o(.text.HAL_UART_TxHalfCpltCallback), (2 bytes).
    Removing stm32f4xx_hal_uart.o(.ARM.exidx.text.HAL_UART_TxHalfCpltCallback), (8 bytes).
    Removing stm32f4xx_hal_uart.o(.text.HAL_UART_RxCpltCallback), (2 bytes).
    Removing stm32f4xx_hal_uart.o(.ARM.exidx.text.HAL_UART_RxCpltCallback), (8 bytes).
    Removing stm32f4xx_hal_uart.o(.text.HAL_UART_RxHalfCpltCallback), (2 bytes).
    Removing stm32f4xx_hal_uart.o(.ARM.exidx.text.HAL_UART_RxHalfCpltCallback), (8 bytes).
    Removing stm32f4xx_hal_uart.o(.text.HAL_LIN_SendBreak), (44 bytes).
    Removing stm32f4xx_hal_uart.o(.ARM.exidx.text.HAL_LIN_SendBreak), (8 bytes).
    Removing stm32f4xx_hal_uart.o(.text.HAL_MultiProcessor_EnterMuteMode), (44 bytes).
    Removing stm32f4xx_hal_uart.o(.ARM.exidx.text.HAL_MultiProcessor_EnterMuteMode), (8 bytes).
    Removing stm32f4xx_hal_uart.o(.text.HAL_MultiProcessor_ExitMuteMode), (44 bytes).
    Removing stm32f4xx_hal_uart.o(.ARM.exidx.text.HAL_MultiProcessor_ExitMuteMode), (8 bytes).
    Removing stm32f4xx_hal_uart.o(.text.HAL_HalfDuplex_EnableTransmitter), (44 bytes).
    Removing stm32f4xx_hal_uart.o(.ARM.exidx.text.HAL_HalfDuplex_EnableTransmitter), (8 bytes).
    Removing stm32f4xx_hal_uart.o(.text.HAL_HalfDuplex_EnableReceiver), (46 bytes).
    Removing stm32f4xx_hal_uart.o(.ARM.exidx.text.HAL_HalfDuplex_EnableReceiver), (8 bytes).
    Removing stm32f4xx_hal_uart.o(.ARM.exidx.text.HAL_UART_GetState), (8 bytes).
    Removing stm32f4xx_hal_uart.o(.text.HAL_UART_GetError), (4 bytes).
    Removing stm32f4xx_hal_uart.o(.ARM.exidx.text.HAL_UART_GetError), (8 bytes).
    Removing stm32f4xx_hal_usart.o(.text), (0 bytes).
    Removing stm32f4xx_hal_usart.o(.text.HAL_USART_Init), (436 bytes).
    Removing stm32f4xx_hal_usart.o(.ARM.exidx.text.HAL_USART_Init), (8 bytes).
    Removing stm32f4xx_hal_usart.o(.text.HAL_USART_MspInit), (2 bytes).
    Removing stm32f4xx_hal_usart.o(.ARM.exidx.text.HAL_USART_MspInit), (8 bytes).
    Removing stm32f4xx_hal_usart.o(.text.HAL_USART_DeInit), (48 bytes).
    Removing stm32f4xx_hal_usart.o(.ARM.exidx.text.HAL_USART_DeInit), (8 bytes).
    Removing stm32f4xx_hal_usart.o(.text.HAL_USART_MspDeInit), (2 bytes).
    Removing stm32f4xx_hal_usart.o(.ARM.exidx.text.HAL_USART_MspDeInit), (8 bytes).
    Removing stm32f4xx_hal_usart.o(.text.HAL_USART_Transmit), (318 bytes).
    Removing stm32f4xx_hal_usart.o(.ARM.exidx.text.HAL_USART_Transmit), (8 bytes).
    Removing stm32f4xx_hal_usart.o(.text.HAL_USART_Receive), (432 bytes).
    Removing stm32f4xx_hal_usart.o(.ARM.exidx.text.HAL_USART_Receive), (8 bytes).
    Removing stm32f4xx_hal_usart.o(.text.HAL_USART_TransmitReceive), (470 bytes).
    Removing stm32f4xx_hal_usart.o(.ARM.exidx.text.HAL_USART_TransmitReceive), (8 bytes).
    Removing stm32f4xx_hal_usart.o(.text.HAL_USART_Transmit_IT), (68 bytes).
    Removing stm32f4xx_hal_usart.o(.ARM.exidx.text.HAL_USART_Transmit_IT), (8 bytes).
    Removing stm32f4xx_hal_usart.o(.text.HAL_USART_Receive_IT), (82 bytes).
    Removing stm32f4xx_hal_usart.o(.ARM.exidx.text.HAL_USART_Receive_IT), (8 bytes).
    Removing stm32f4xx_hal_usart.o(.text.HAL_USART_TransmitReceive_IT), (120 bytes).
    Removing stm32f4xx_hal_usart.o(.ARM.exidx.text.HAL_USART_TransmitReceive_IT), (8 bytes).
    Removing stm32f4xx_hal_usart.o(.text.HAL_USART_Transmit_DMA), (122 bytes).
    Removing stm32f4xx_hal_usart.o(.ARM.exidx.text.HAL_USART_Transmit_DMA), (8 bytes).
    Removing stm32f4xx_hal_usart.o(.text.USART_DMATransmitCplt), (58 bytes).
    Removing stm32f4xx_hal_usart.o(.ARM.exidx.text.USART_DMATransmitCplt), (8 bytes).
    Removing stm32f4xx_hal_usart.o(.text.USART_DMATxHalfCplt), (6 bytes).
    Removing stm32f4xx_hal_usart.o(.ARM.exidx.text.USART_DMATxHalfCplt), (8 bytes).
    Removing stm32f4xx_hal_usart.o(.text.USART_DMAError), (96 bytes).
    Removing stm32f4xx_hal_usart.o(.ARM.exidx.text.USART_DMAError), (8 bytes).
    Removing stm32f4xx_hal_usart.o(.text.HAL_USART_Receive_DMA), (192 bytes).
    Removing stm32f4xx_hal_usart.o(.ARM.exidx.text.HAL_USART_Receive_DMA), (8 bytes).
    Removing stm32f4xx_hal_usart.o(.text.USART_DMAReceiveCplt), (84 bytes).
    Removing stm32f4xx_hal_usart.o(.ARM.exidx.text.USART_DMAReceiveCplt), (8 bytes).
    Removing stm32f4xx_hal_usart.o(.text.USART_DMARxHalfCplt), (6 bytes).
    Removing stm32f4xx_hal_usart.o(.ARM.exidx.text.USART_DMARxHalfCplt), (8 bytes).
    Removing stm32f4xx_hal_usart.o(.text.HAL_USART_TransmitReceive_DMA), (224 bytes).
    Removing stm32f4xx_hal_usart.o(.ARM.exidx.text.HAL_USART_TransmitReceive_DMA), (8 bytes).
    Removing stm32f4xx_hal_usart.o(.text.HAL_USART_DMAPause), (32 bytes).
    Removing stm32f4xx_hal_usart.o(.ARM.exidx.text.HAL_USART_DMAPause), (8 bytes).
    Removing stm32f4xx_hal_usart.o(.text.HAL_USART_DMAResume), (32 bytes).
    Removing stm32f4xx_hal_usart.o(.ARM.exidx.text.HAL_USART_DMAResume), (8 bytes).
    Removing stm32f4xx_hal_usart.o(.text.HAL_USART_DMAStop), (120 bytes).
    Removing stm32f4xx_hal_usart.o(.ARM.exidx.text.HAL_USART_DMAStop), (8 bytes).
    Removing stm32f4xx_hal_usart.o(.text.HAL_USART_Abort), (94 bytes).
    Removing stm32f4xx_hal_usart.o(.ARM.exidx.text.HAL_USART_Abort), (8 bytes).
    Removing stm32f4xx_hal_usart.o(.text.HAL_USART_Abort_IT), (162 bytes).
    Removing stm32f4xx_hal_usart.o(.ARM.exidx.text.HAL_USART_Abort_IT), (8 bytes).
    Removing stm32f4xx_hal_usart.o(.text.USART_DMATxAbortCallback), (36 bytes).
    Removing stm32f4xx_hal_usart.o(.ARM.exidx.text.USART_DMATxAbortCallback), (8 bytes).
    Removing stm32f4xx_hal_usart.o(.text.USART_DMARxAbortCallback), (36 bytes).
    Removing stm32f4xx_hal_usart.o(.ARM.exidx.text.USART_DMARxAbortCallback), (8 bytes).
    Removing stm32f4xx_hal_usart.o(.text.HAL_USART_AbortCpltCallback), (2 bytes).
    Removing stm32f4xx_hal_usart.o(.ARM.exidx.text.HAL_USART_AbortCpltCallback), (8 bytes).
    Removing stm32f4xx_hal_usart.o(.text.HAL_USART_IRQHandler), (446 bytes).
    Removing stm32f4xx_hal_usart.o(.ARM.exidx.text.HAL_USART_IRQHandler), (8 bytes).
    Removing stm32f4xx_hal_usart.o(.text.USART_Receive_IT), (152 bytes).
    Removing stm32f4xx_hal_usart.o(.ARM.exidx.text.USART_Receive_IT), (8 bytes).
    Removing stm32f4xx_hal_usart.o(.text.USART_TransmitReceive_IT), (196 bytes).
    Removing stm32f4xx_hal_usart.o(.ARM.exidx.text.USART_TransmitReceive_IT), (8 bytes).
    Removing stm32f4xx_hal_usart.o(.text.USART_DMAAbortOnError), (12 bytes).
    Removing stm32f4xx_hal_usart.o(.ARM.exidx.text.USART_DMAAbortOnError), (8 bytes).
    Removing stm32f4xx_hal_usart.o(.text.HAL_USART_ErrorCallback), (2 bytes).
    Removing stm32f4xx_hal_usart.o(.ARM.exidx.text.HAL_USART_ErrorCallback), (8 bytes).
    Removing stm32f4xx_hal_usart.o(.text.HAL_USART_TxCpltCallback), (2 bytes).
    Removing stm32f4xx_hal_usart.o(.ARM.exidx.text.HAL_USART_TxCpltCallback), (8 bytes).
    Removing stm32f4xx_hal_usart.o(.text.HAL_USART_TxHalfCpltCallback), (2 bytes).
    Removing stm32f4xx_hal_usart.o(.ARM.exidx.text.HAL_USART_TxHalfCpltCallback), (8 bytes).
    Removing stm32f4xx_hal_usart.o(.text.HAL_USART_RxCpltCallback), (2 bytes).
    Removing stm32f4xx_hal_usart.o(.ARM.exidx.text.HAL_USART_RxCpltCallback), (8 bytes).
    Removing stm32f4xx_hal_usart.o(.text.HAL_USART_RxHalfCpltCallback), (2 bytes).
    Removing stm32f4xx_hal_usart.o(.ARM.exidx.text.HAL_USART_RxHalfCpltCallback), (8 bytes).
    Removing stm32f4xx_hal_usart.o(.text.HAL_USART_TxRxCpltCallback), (2 bytes).
    Removing stm32f4xx_hal_usart.o(.ARM.exidx.text.HAL_USART_TxRxCpltCallback), (8 bytes).
    Removing stm32f4xx_hal_usart.o(.text.HAL_USART_GetState), (6 bytes).
    Removing stm32f4xx_hal_usart.o(.ARM.exidx.text.HAL_USART_GetState), (8 bytes).
    Removing stm32f4xx_hal_usart.o(.text.HAL_USART_GetError), (4 bytes).
    Removing stm32f4xx_hal_usart.o(.ARM.exidx.text.HAL_USART_GetError), (8 bytes).
    Removing stm32f4xx_hal_wwdg.o(.text), (0 bytes).
    Removing stm32f4xx_hal_wwdg.o(.text.HAL_WWDG_Init), (40 bytes).
    Removing stm32f4xx_hal_wwdg.o(.ARM.exidx.text.HAL_WWDG_Init), (8 bytes).
    Removing stm32f4xx_hal_wwdg.o(.text.HAL_WWDG_MspInit), (2 bytes).
    Removing stm32f4xx_hal_wwdg.o(.ARM.exidx.text.HAL_WWDG_MspInit), (8 bytes).
    Removing stm32f4xx_hal_wwdg.o(.text.HAL_WWDG_Refresh), (10 bytes).
    Removing stm32f4xx_hal_wwdg.o(.ARM.exidx.text.HAL_WWDG_Refresh), (8 bytes).
    Removing stm32f4xx_hal_wwdg.o(.text.HAL_WWDG_IRQHandler), (28 bytes).
    Removing stm32f4xx_hal_wwdg.o(.ARM.exidx.text.HAL_WWDG_IRQHandler), (8 bytes).
    Removing stm32f4xx_hal_wwdg.o(.text.HAL_WWDG_EarlyWakeupCallback), (2 bytes).
    Removing stm32f4xx_hal_wwdg.o(.ARM.exidx.text.HAL_WWDG_EarlyWakeupCallback), (8 bytes).
    Removing stm32f4xx_ll_fsmc.o(.text), (0 bytes).
    Removing stm32f4xx_ll_fsmc.o(.text.FSMC_NORSRAM_Init), (94 bytes).
    Removing stm32f4xx_ll_fsmc.o(.ARM.exidx.text.FSMC_NORSRAM_Init), (8 bytes).
    Removing stm32f4xx_ll_fsmc.o(.text.FSMC_NORSRAM_DeInit), (48 bytes).
    Removing stm32f4xx_ll_fsmc.o(.ARM.exidx.text.FSMC_NORSRAM_DeInit), (8 bytes).
    Removing stm32f4xx_ll_fsmc.o(.text.FSMC_NORSRAM_Timing_Init), (68 bytes).
    Removing stm32f4xx_ll_fsmc.o(.ARM.exidx.text.FSMC_NORSRAM_Timing_Init), (8 bytes).
    Removing stm32f4xx_ll_fsmc.o(.text.FSMC_NORSRAM_Extended_Timing_Init), (66 bytes).
    Removing stm32f4xx_ll_fsmc.o(.ARM.exidx.text.FSMC_NORSRAM_Extended_Timing_Init), (8 bytes).
    Removing stm32f4xx_ll_fsmc.o(.text.FSMC_NORSRAM_WriteOperation_Enable), (18 bytes).
    Removing stm32f4xx_ll_fsmc.o(.ARM.exidx.text.FSMC_NORSRAM_WriteOperation_Enable), (8 bytes).
    Removing stm32f4xx_ll_fsmc.o(.text.FSMC_NORSRAM_WriteOperation_Disable), (18 bytes).
    Removing stm32f4xx_ll_fsmc.o(.ARM.exidx.text.FSMC_NORSRAM_WriteOperation_Disable), (8 bytes).
    Removing stm32f4xx_ll_fsmc.o(.text.FSMC_NAND_Init), (62 bytes).
    Removing stm32f4xx_ll_fsmc.o(.ARM.exidx.text.FSMC_NAND_Init), (8 bytes).
    Removing stm32f4xx_ll_fsmc.o(.text.FSMC_NAND_CommonSpace_Timing_Init), (42 bytes).
    Removing stm32f4xx_ll_fsmc.o(.ARM.exidx.text.FSMC_NAND_CommonSpace_Timing_Init), (8 bytes).
    Removing stm32f4xx_ll_fsmc.o(.text.FSMC_NAND_AttributeSpace_Timing_Init), (42 bytes).
    Removing stm32f4xx_ll_fsmc.o(.ARM.exidx.text.FSMC_NAND_AttributeSpace_Timing_Init), (8 bytes).
    Removing stm32f4xx_ll_fsmc.o(.text.FSMC_NAND_DeInit), (66 bytes).
    Removing stm32f4xx_ll_fsmc.o(.ARM.exidx.text.FSMC_NAND_DeInit), (8 bytes).
    Removing stm32f4xx_ll_fsmc.o(.text.FSMC_NAND_ECC_Enable), (20 bytes).
    Removing stm32f4xx_ll_fsmc.o(.ARM.exidx.text.FSMC_NAND_ECC_Enable), (8 bytes).
    Removing stm32f4xx_ll_fsmc.o(.text.FSMC_NAND_ECC_Disable), (20 bytes).
    Removing stm32f4xx_ll_fsmc.o(.ARM.exidx.text.FSMC_NAND_ECC_Disable), (8 bytes).
    Removing stm32f4xx_ll_fsmc.o(.text.FSMC_NAND_GetECC), (100 bytes).
    Removing stm32f4xx_ll_fsmc.o(.ARM.exidx.text.FSMC_NAND_GetECC), (8 bytes).
    Removing stm32f4xx_ll_fsmc.o(.text.FSMC_PCCARD_Init), (44 bytes).
    Removing stm32f4xx_ll_fsmc.o(.ARM.exidx.text.FSMC_PCCARD_Init), (8 bytes).
    Removing stm32f4xx_ll_fsmc.o(.text.FSMC_PCCARD_CommonSpace_Timing_Init), (30 bytes).
    Removing stm32f4xx_ll_fsmc.o(.ARM.exidx.text.FSMC_PCCARD_CommonSpace_Timing_Init), (8 bytes).
    Removing stm32f4xx_ll_fsmc.o(.text.FSMC_PCCARD_AttributeSpace_Timing_Init), (30 bytes).
    Removing stm32f4xx_ll_fsmc.o(.ARM.exidx.text.FSMC_PCCARD_AttributeSpace_Timing_Init), (8 bytes).
    Removing stm32f4xx_ll_fsmc.o(.text.FSMC_PCCARD_IOSpace_Timing_Init), (30 bytes).
    Removing stm32f4xx_ll_fsmc.o(.ARM.exidx.text.FSMC_PCCARD_IOSpace_Timing_Init), (8 bytes).
    Removing stm32f4xx_ll_fsmc.o(.text.FSMC_PCCARD_DeInit), (32 bytes).
    Removing stm32f4xx_ll_fsmc.o(.ARM.exidx.text.FSMC_PCCARD_DeInit), (8 bytes).
    Removing stm32f4xx_ll_sdmmc.o(.text), (0 bytes).
    Removing stm32f4xx_ll_sdmmc.o(.text.SDIO_Init), (44 bytes).
    Removing stm32f4xx_ll_sdmmc.o(.ARM.exidx.text.SDIO_Init), (8 bytes).
    Removing stm32f4xx_ll_sdmmc.o(.text.SDIO_ReadFIFO), (6 bytes).
    Removing stm32f4xx_ll_sdmmc.o(.ARM.exidx.text.SDIO_ReadFIFO), (8 bytes).
    Removing stm32f4xx_ll_sdmmc.o(.text.SDIO_WriteFIFO), (12 bytes).
    Removing stm32f4xx_ll_sdmmc.o(.ARM.exidx.text.SDIO_WriteFIFO), (8 bytes).
    Removing stm32f4xx_ll_sdmmc.o(.text.SDIO_PowerState_ON), (10 bytes).
    Removing stm32f4xx_ll_sdmmc.o(.ARM.exidx.text.SDIO_PowerState_ON), (8 bytes).
    Removing stm32f4xx_ll_sdmmc.o(.text.SDIO_PowerState_OFF), (10 bytes).
    Removing stm32f4xx_ll_sdmmc.o(.ARM.exidx.text.SDIO_PowerState_OFF), (8 bytes).
    Removing stm32f4xx_ll_sdmmc.o(.text.SDIO_GetPowerState), (8 bytes).
    Removing stm32f4xx_ll_sdmmc.o(.ARM.exidx.text.SDIO_GetPowerState), (8 bytes).
    Removing stm32f4xx_ll_sdmmc.o(.text.SDIO_SendCommand), (42 bytes).
    Removing stm32f4xx_ll_sdmmc.o(.ARM.exidx.text.SDIO_SendCommand), (8 bytes).
    Removing stm32f4xx_ll_sdmmc.o(.text.SDIO_GetCommandResponse), (6 bytes).
    Removing stm32f4xx_ll_sdmmc.o(.ARM.exidx.text.SDIO_GetCommandResponse), (8 bytes).
    Removing stm32f4xx_ll_sdmmc.o(.text.SDIO_GetResponse), (20 bytes).
    Removing stm32f4xx_ll_sdmmc.o(.ARM.exidx.text.SDIO_GetResponse), (8 bytes).
    Removing stm32f4xx_ll_sdmmc.o(.text.SDIO_ConfigData), (38 bytes).
    Removing stm32f4xx_ll_sdmmc.o(.ARM.exidx.text.SDIO_ConfigData), (8 bytes).
    Removing stm32f4xx_ll_sdmmc.o(.text.SDIO_GetDataCounter), (4 bytes).
    Removing stm32f4xx_ll_sdmmc.o(.ARM.exidx.text.SDIO_GetDataCounter), (8 bytes).
    Removing stm32f4xx_ll_sdmmc.o(.text.SDIO_GetFIFOCount), (6 bytes).
    Removing stm32f4xx_ll_sdmmc.o(.ARM.exidx.text.SDIO_GetFIFOCount), (8 bytes).
    Removing stm32f4xx_ll_sdmmc.o(.text.SDIO_SetSDMMCReadWaitMode), (16 bytes).
    Removing stm32f4xx_ll_sdmmc.o(.ARM.exidx.text.SDIO_SetSDMMCReadWaitMode), (8 bytes).
    Removing stm32f4xx_ll_sdmmc.o(.text.SDMMC_CmdBlockLength), (24 bytes).
    Removing stm32f4xx_ll_sdmmc.o(.ARM.exidx.text.SDMMC_CmdBlockLength), (8 bytes).
    Removing stm32f4xx_ll_sdmmc.o(.text.SDMMC_GetCmdResp1), (348 bytes).
    Removing stm32f4xx_ll_sdmmc.o(.ARM.exidx.text.SDMMC_GetCmdResp1), (8 bytes).
    Removing stm32f4xx_ll_sdmmc.o(.text.SDMMC_CmdReadSingleBlock), (24 bytes).
    Removing stm32f4xx_ll_sdmmc.o(.ARM.exidx.text.SDMMC_CmdReadSingleBlock), (8 bytes).
    Removing stm32f4xx_ll_sdmmc.o(.text.SDMMC_CmdReadMultiBlock), (24 bytes).
    Removing stm32f4xx_ll_sdmmc.o(.ARM.exidx.text.SDMMC_CmdReadMultiBlock), (8 bytes).
    Removing stm32f4xx_ll_sdmmc.o(.text.SDMMC_CmdWriteSingleBlock), (24 bytes).
    Removing stm32f4xx_ll_sdmmc.o(.ARM.exidx.text.SDMMC_CmdWriteSingleBlock), (8 bytes).
    Removing stm32f4xx_ll_sdmmc.o(.text.SDMMC_CmdWriteMultiBlock), (24 bytes).
    Removing stm32f4xx_ll_sdmmc.o(.ARM.exidx.text.SDMMC_CmdWriteMultiBlock), (8 bytes).
    Removing stm32f4xx_ll_sdmmc.o(.text.SDMMC_CmdSDEraseStartAdd), (24 bytes).
    Removing stm32f4xx_ll_sdmmc.o(.ARM.exidx.text.SDMMC_CmdSDEraseStartAdd), (8 bytes).
    Removing stm32f4xx_ll_sdmmc.o(.text.SDMMC_CmdSDEraseEndAdd), (24 bytes).
    Removing stm32f4xx_ll_sdmmc.o(.ARM.exidx.text.SDMMC_CmdSDEraseEndAdd), (8 bytes).
    Removing stm32f4xx_ll_sdmmc.o(.text.SDMMC_CmdEraseStartAdd), (24 bytes).
    Removing stm32f4xx_ll_sdmmc.o(.ARM.exidx.text.SDMMC_CmdEraseStartAdd), (8 bytes).
    Removing stm32f4xx_ll_sdmmc.o(.text.SDMMC_CmdEraseEndAdd), (24 bytes).
    Removing stm32f4xx_ll_sdmmc.o(.ARM.exidx.text.SDMMC_CmdEraseEndAdd), (8 bytes).
    Removing stm32f4xx_ll_sdmmc.o(.text.SDMMC_CmdErase), (26 bytes).
    Removing stm32f4xx_ll_sdmmc.o(.ARM.exidx.text.SDMMC_CmdErase), (8 bytes).
    Removing stm32f4xx_ll_sdmmc.o(.text.SDMMC_CmdStopTransfer), (30 bytes).
    Removing stm32f4xx_ll_sdmmc.o(.ARM.exidx.text.SDMMC_CmdStopTransfer), (8 bytes).
    Removing stm32f4xx_ll_sdmmc.o(.text.SDMMC_CmdSelDesel), (24 bytes).
    Removing stm32f4xx_ll_sdmmc.o(.ARM.exidx.text.SDMMC_CmdSelDesel), (8 bytes).
    Removing stm32f4xx_ll_sdmmc.o(.text.SDMMC_CmdGoIdleState), (74 bytes).
    Removing stm32f4xx_ll_sdmmc.o(.ARM.exidx.text.SDMMC_CmdGoIdleState), (8 bytes).
    Removing stm32f4xx_ll_sdmmc.o(.text.SDMMC_CmdOperCond), (100 bytes).
    Removing stm32f4xx_ll_sdmmc.o(.ARM.exidx.text.SDMMC_CmdOperCond), (8 bytes).
    Removing stm32f4xx_ll_sdmmc.o(.text.SDMMC_CmdAppCommand), (24 bytes).
    Removing stm32f4xx_ll_sdmmc.o(.ARM.exidx.text.SDMMC_CmdAppCommand), (8 bytes).
    Removing stm32f4xx_ll_sdmmc.o(.text.SDMMC_CmdAppOperCommand), (94 bytes).
    Removing stm32f4xx_ll_sdmmc.o(.ARM.exidx.text.SDMMC_CmdAppOperCommand), (8 bytes).
    Removing stm32f4xx_ll_sdmmc.o(.text.SDMMC_CmdBusWidth), (24 bytes).
    Removing stm32f4xx_ll_sdmmc.o(.ARM.exidx.text.SDMMC_CmdBusWidth), (8 bytes).
    Removing stm32f4xx_ll_sdmmc.o(.text.SDMMC_CmdSendSCR), (26 bytes).
    Removing stm32f4xx_ll_sdmmc.o(.ARM.exidx.text.SDMMC_CmdSendSCR), (8 bytes).
    Removing stm32f4xx_ll_sdmmc.o(.text.SDMMC_CmdSendCID), (100 bytes).
    Removing stm32f4xx_ll_sdmmc.o(.ARM.exidx.text.SDMMC_CmdSendCID), (8 bytes).
    Removing stm32f4xx_ll_sdmmc.o(.text.SDMMC_CmdSendCSD), (100 bytes).
    Removing stm32f4xx_ll_sdmmc.o(.ARM.exidx.text.SDMMC_CmdSendCSD), (8 bytes).
    Removing stm32f4xx_ll_sdmmc.o(.text.SDMMC_CmdSetRelAdd), (166 bytes).
    Removing stm32f4xx_ll_sdmmc.o(.ARM.exidx.text.SDMMC_CmdSetRelAdd), (8 bytes).
    Removing stm32f4xx_ll_sdmmc.o(.text.SDMMC_CmdSendStatus), (24 bytes).
    Removing stm32f4xx_ll_sdmmc.o(.ARM.exidx.text.SDMMC_CmdSendStatus), (8 bytes).
    Removing stm32f4xx_ll_sdmmc.o(.text.SDMMC_CmdStatusRegister), (26 bytes).
    Removing stm32f4xx_ll_sdmmc.o(.ARM.exidx.text.SDMMC_CmdStatusRegister), (8 bytes).
    Removing stm32f4xx_ll_sdmmc.o(.text.SDMMC_CmdOpCondition), (86 bytes).
    Removing stm32f4xx_ll_sdmmc.o(.ARM.exidx.text.SDMMC_CmdOpCondition), (8 bytes).
    Removing stm32f4xx_ll_sdmmc.o(.text.SDMMC_CmdSwitch), (24 bytes).
    Removing stm32f4xx_ll_sdmmc.o(.ARM.exidx.text.SDMMC_CmdSwitch), (8 bytes).
    Removing stm32f4xx_ll_usb.o(.text), (0 bytes).
    Removing stm32f4xx_ll_usb.o(.text.USB_CoreInit), (214 bytes).
    Removing stm32f4xx_ll_usb.o(.ARM.exidx.text.USB_CoreInit), (8 bytes).
    Removing stm32f4xx_ll_usb.o(.text.USB_SetTurnaroundTime), (278 bytes).
    Removing stm32f4xx_ll_usb.o(.ARM.exidx.text.USB_SetTurnaroundTime), (8 bytes).
    Removing stm32f4xx_ll_usb.o(.text.USB_EnableGlobalInt), (14 bytes).
    Removing stm32f4xx_ll_usb.o(.ARM.exidx.text.USB_EnableGlobalInt), (8 bytes).
    Removing stm32f4xx_ll_usb.o(.text.USB_DisableGlobalInt), (14 bytes).
    Removing stm32f4xx_ll_usb.o(.ARM.exidx.text.USB_DisableGlobalInt), (8 bytes).
    Removing stm32f4xx_ll_usb.o(.text.USB_SetCurrentMode), (46 bytes).
    Removing stm32f4xx_ll_usb.o(.ARM.exidx.text.USB_SetCurrentMode), (8 bytes).
    Removing stm32f4xx_ll_usb.o(.text.USB_DevInit), (416 bytes).
    Removing stm32f4xx_ll_usb.o(.ARM.exidx.text.USB_DevInit), (8 bytes).
    Removing stm32f4xx_ll_usb.o(.text.USB_SetDevSpeed), (16 bytes).
    Removing stm32f4xx_ll_usb.o(.ARM.exidx.text.USB_SetDevSpeed), (8 bytes).
    Removing stm32f4xx_ll_usb.o(.text.USB_FlushTxFifo), (36 bytes).
    Removing stm32f4xx_ll_usb.o(.ARM.exidx.text.USB_FlushTxFifo), (8 bytes).
    Removing stm32f4xx_ll_usb.o(.text.USB_FlushRxFifo), (32 bytes).
    Removing stm32f4xx_ll_usb.o(.ARM.exidx.text.USB_FlushRxFifo), (8 bytes).
    Removing stm32f4xx_ll_usb.o(.text.USB_GetDevSpeed), (26 bytes).
    Removing stm32f4xx_ll_usb.o(.ARM.exidx.text.USB_GetDevSpeed), (8 bytes).
    Removing stm32f4xx_ll_usb.o(.text.USB_ActivateEndpoint), (128 bytes).
    Removing stm32f4xx_ll_usb.o(.ARM.exidx.text.USB_ActivateEndpoint), (8 bytes).
    Removing stm32f4xx_ll_usb.o(.text.USB_ActivateDedicatedEndpoint), (116 bytes).
    Removing stm32f4xx_ll_usb.o(.ARM.exidx.text.USB_ActivateDedicatedEndpoint), (8 bytes).
    Removing stm32f4xx_ll_usb.o(.text.USB_DeactivateEndpoint), (98 bytes).
    Removing stm32f4xx_ll_usb.o(.ARM.exidx.text.USB_DeactivateEndpoint), (8 bytes).
    Removing stm32f4xx_ll_usb.o(.text.USB_DeactivateDedicatedEndpoint), (64 bytes).
    Removing stm32f4xx_ll_usb.o(.ARM.exidx.text.USB_DeactivateDedicatedEndpoint), (8 bytes).
    Removing stm32f4xx_ll_usb.o(.text.USB_EPStartXfer), (448 bytes).
    Removing stm32f4xx_ll_usb.o(.ARM.exidx.text.USB_EPStartXfer), (8 bytes).
    Removing stm32f4xx_ll_usb.o(.text.USB_WritePacket), (58 bytes).
    Removing stm32f4xx_ll_usb.o(.ARM.exidx.text.USB_WritePacket), (8 bytes).
    Removing stm32f4xx_ll_usb.o(.text.USB_EP0StartXfer), (250 bytes).
    Removing stm32f4xx_ll_usb.o(.ARM.exidx.text.USB_EP0StartXfer), (8 bytes).
    Removing stm32f4xx_ll_usb.o(.text.USB_ReadPacket), (40 bytes).
    Removing stm32f4xx_ll_usb.o(.ARM.exidx.text.USB_ReadPacket), (8 bytes).
    Removing stm32f4xx_ll_usb.o(.text.USB_EPSetStall), (60 bytes).
    Removing stm32f4xx_ll_usb.o(.ARM.exidx.text.USB_EPSetStall), (8 bytes).
    Removing stm32f4xx_ll_usb.o(.text.USB_EPClearStall), (80 bytes).
    Removing stm32f4xx_ll_usb.o(.ARM.exidx.text.USB_EPClearStall), (8 bytes).
    Removing stm32f4xx_ll_usb.o(.text.USB_StopDevice), (108 bytes).
    Removing stm32f4xx_ll_usb.o(.ARM.exidx.text.USB_StopDevice), (8 bytes).
    Removing stm32f4xx_ll_usb.o(.text.USB_SetDevAddress), (34 bytes).
    Removing stm32f4xx_ll_usb.o(.ARM.exidx.text.USB_SetDevAddress), (8 bytes).
    Removing stm32f4xx_ll_usb.o(.text.USB_DevConnect), (24 bytes).
    Removing stm32f4xx_ll_usb.o(.ARM.exidx.text.USB_DevConnect), (8 bytes).
    Removing stm32f4xx_ll_usb.o(.text.USB_DevDisconnect), (24 bytes).
    Removing stm32f4xx_ll_usb.o(.ARM.exidx.text.USB_DevDisconnect), (8 bytes).
    Removing stm32f4xx_ll_usb.o(.text.USB_ReadInterrupts), (8 bytes).
    Removing stm32f4xx_ll_usb.o(.ARM.exidx.text.USB_ReadInterrupts), (8 bytes).
    Removing stm32f4xx_ll_usb.o(.text.USB_ReadDevAllOutEpInterrupt), (14 bytes).
    Removing stm32f4xx_ll_usb.o(.ARM.exidx.text.USB_ReadDevAllOutEpInterrupt), (8 bytes).
    Removing stm32f4xx_ll_usb.o(.text.USB_ReadDevAllInEpInterrupt), (14 bytes).
    Removing stm32f4xx_ll_usb.o(.ARM.exidx.text.USB_ReadDevAllInEpInterrupt), (8 bytes).
    Removing stm32f4xx_ll_usb.o(.text.USB_ReadDevOutEPInterrupt), (16 bytes).
    Removing stm32f4xx_ll_usb.o(.ARM.exidx.text.USB_ReadDevOutEPInterrupt), (8 bytes).
    Removing stm32f4xx_ll_usb.o(.text.USB_ReadDevInEPInterrupt), (36 bytes).
    Removing stm32f4xx_ll_usb.o(.ARM.exidx.text.USB_ReadDevInEPInterrupt), (8 bytes).
    Removing stm32f4xx_ll_usb.o(.text.USB_ClearInterrupts), (8 bytes).
    Removing stm32f4xx_ll_usb.o(.ARM.exidx.text.USB_ClearInterrupts), (8 bytes).
    Removing stm32f4xx_ll_usb.o(.text.USB_GetMode), (8 bytes).
    Removing stm32f4xx_ll_usb.o(.ARM.exidx.text.USB_GetMode), (8 bytes).
    Removing stm32f4xx_ll_usb.o(.text.USB_ActivateSetup), (56 bytes).
    Removing stm32f4xx_ll_usb.o(.ARM.exidx.text.USB_ActivateSetup), (8 bytes).
    Removing stm32f4xx_ll_usb.o(.text.USB_EP0_OutStart), (90 bytes).
    Removing stm32f4xx_ll_usb.o(.ARM.exidx.text.USB_EP0_OutStart), (8 bytes).
    Removing stm32f4xx_ll_usb.o(.text.USB_HostInit), (272 bytes).
    Removing stm32f4xx_ll_usb.o(.ARM.exidx.text.USB_HostInit), (8 bytes).
    Removing stm32f4xx_ll_usb.o(.text.USB_DriveVbus), (68 bytes).
    Removing stm32f4xx_ll_usb.o(.ARM.exidx.text.USB_DriveVbus), (8 bytes).
    Removing stm32f4xx_ll_usb.o(.text.USB_InitFSLSPClkSel), (54 bytes).
    Removing stm32f4xx_ll_usb.o(.ARM.exidx.text.USB_InitFSLSPClkSel), (8 bytes).
    Removing stm32f4xx_ll_usb.o(.text.USB_ResetPort), (62 bytes).
    Removing stm32f4xx_ll_usb.o(.ARM.exidx.text.USB_ResetPort), (8 bytes).
    Removing stm32f4xx_ll_usb.o(.text.USB_GetHostSpeed), (22 bytes).
    Removing stm32f4xx_ll_usb.o(.ARM.exidx.text.USB_GetHostSpeed), (8 bytes).
    Removing stm32f4xx_ll_usb.o(.text.USB_GetCurrentFrame), (8 bytes).
    Removing stm32f4xx_ll_usb.o(.ARM.exidx.text.USB_GetCurrentFrame), (8 bytes).
    Removing stm32f4xx_ll_usb.o(.text.USB_HC_Init), (228 bytes).
    Removing stm32f4xx_ll_usb.o(.ARM.exidx.text.USB_HC_Init), (8 bytes).
    Removing stm32f4xx_ll_usb.o(.text.USB_HC_StartXfer), (392 bytes).
    Removing stm32f4xx_ll_usb.o(.ARM.exidx.text.USB_HC_StartXfer), (8 bytes).
    Removing stm32f4xx_ll_usb.o(.text.USB_DoPing), (32 bytes).
    Removing stm32f4xx_ll_usb.o(.ARM.exidx.text.USB_DoPing), (8 bytes).
    Removing stm32f4xx_ll_usb.o(.text.USB_HC_ReadInterrupt), (8 bytes).
    Removing stm32f4xx_ll_usb.o(.ARM.exidx.text.USB_HC_ReadInterrupt), (8 bytes).
    Removing stm32f4xx_ll_usb.o(.text.USB_HC_Halt), (140 bytes).
    Removing stm32f4xx_ll_usb.o(.ARM.exidx.text.USB_HC_Halt), (8 bytes).
    Removing stm32f4xx_ll_usb.o(.text.USB_StopHost), (188 bytes).
    Removing stm32f4xx_ll_usb.o(.ARM.exidx.text.USB_StopHost), (8 bytes).
    Removing stm32f4xx_ll_usb.o(.text.USB_ActivateRemoteWakeup), (24 bytes).
    Removing stm32f4xx_ll_usb.o(.ARM.exidx.text.USB_ActivateRemoteWakeup), (8 bytes).
    Removing stm32f4xx_ll_usb.o(.text.USB_DeActivateRemoteWakeup), (18 bytes).
    Removing stm32f4xx_ll_usb.o(.ARM.exidx.text.USB_DeActivateRemoteWakeup), (8 bytes).
    Removing stm32f4xx_ll_usb.o(.bss.USB_HC_StartXfer.tmpreg), (4 bytes).
    Removing stm32f4xx_hal_exti.o(.text), (0 bytes).
    Removing stm32f4xx_hal_msp_template.o(.text), (0 bytes).
    Removing stm32f4xx_hal_msp_template.o(.text.HAL_MspInit), (2 bytes).
    Removing stm32f4xx_hal_msp_template.o(.ARM.exidx.text.HAL_MspInit), (8 bytes).
    Removing stm32f4xx_hal_msp_template.o(.text.HAL_MspDeInit), (2 bytes).
    Removing stm32f4xx_hal_msp_template.o(.ARM.exidx.text.HAL_MspDeInit), (8 bytes).
    Removing stm32f4xx_hal_msp_template.o(.text.HAL_PPP_MspInit), (2 bytes).
    Removing stm32f4xx_hal_msp_template.o(.ARM.exidx.text.HAL_PPP_MspInit), (8 bytes).
    Removing stm32f4xx_hal_msp_template.o(.text.HAL_PPP_MspDeInit), (2 bytes).
    Removing stm32f4xx_hal_msp_template.o(.ARM.exidx.text.HAL_PPP_MspDeInit), (8 bytes).
    Removing stm32f4xx_hal_smbus.o(.text), (0 bytes).
    Removing stm32f4xx_ll_adc.o(.text), (0 bytes).
    Removing stm32f4xx_ll_crc.o(.text), (0 bytes).
    Removing stm32f4xx_ll_dac.o(.text), (0 bytes).
    Removing stm32f4xx_ll_dma.o(.text), (0 bytes).
    Removing stm32f4xx_ll_dma2d.o(.text), (0 bytes).
    Removing stm32f4xx_ll_exti.o(.text), (0 bytes).
    Removing stm32f4xx_ll_fmc.o(.text), (0 bytes).
    Removing stm32f4xx_ll_gpio.o(.text), (0 bytes).
    Removing stm32f4xx_ll_i2c.o(.text), (0 bytes).
    Removing stm32f4xx_ll_lptim.o(.text), (0 bytes).
    Removing stm32f4xx_ll_pwr.o(.text), (0 bytes).
    Removing stm32f4xx_ll_rcc.o(.text), (0 bytes).
    Removing stm32f4xx_ll_rng.o(.text), (0 bytes).
    Removing stm32f4xx_ll_rtc.o(.text), (0 bytes).
    Removing stm32f4xx_ll_spi.o(.text), (0 bytes).
    Removing stm32f4xx_ll_tim.o(.text), (0 bytes).
    Removing stm32f4xx_ll_usart.o(.text), (0 bytes).
    Removing stm32f4xx_ll_utils.o(.text), (0 bytes).
    Removing stm32f4xx_ll_utils.o(.text.LL_Init1msTick), (40 bytes).
    Removing stm32f4xx_ll_utils.o(.ARM.exidx.text.LL_Init1msTick), (8 bytes).
    Removing stm32f4xx_ll_utils.o(.text.LL_mDelay), (44 bytes).
    Removing stm32f4xx_ll_utils.o(.ARM.exidx.text.LL_mDelay), (8 bytes).
    Removing stm32f4xx_ll_utils.o(.text.LL_SetSystemCoreClock), (12 bytes).
    Removing stm32f4xx_ll_utils.o(.ARM.exidx.text.LL_SetSystemCoreClock), (8 bytes).
    Removing stm32f4xx_ll_utils.o(.text.LL_PLL_ConfigSystemClock_HSI), (144 bytes).
    Removing stm32f4xx_ll_utils.o(.ARM.exidx.text.LL_PLL_ConfigSystemClock_HSI), (8 bytes).
    Removing stm32f4xx_ll_utils.o(.text.UTILS_EnablePLLAndSwitchSystem), (612 bytes).
    Removing stm32f4xx_ll_utils.o(.ARM.exidx.text.UTILS_EnablePLLAndSwitchSystem), (8 bytes).
    Removing stm32f4xx_ll_utils.o(.text.LL_PLL_ConfigSystemClock_HSE), (170 bytes).
    Removing stm32f4xx_ll_utils.o(.ARM.exidx.text.LL_PLL_ConfigSystemClock_HSE), (8 bytes).
    Removing main.o(.text), (0 bytes).
    Removing main.o(.ARM.exidx.text.main), (8 bytes).
    Removing main.o(.ARM.use_no_argv), (4 bytes).
    Removing stm32f4xx_it.o(.text), (0 bytes).
    Removing stm32f4xx_it.o(.ARM.exidx.text.NMI_Handler), (8 bytes).
    Removing stm32f4xx_it.o(.ARM.exidx.text.HardFault_Handler), (8 bytes).
    Removing stm32f4xx_it.o(.ARM.exidx.text.MemManage_Handler), (8 bytes).
    Removing stm32f4xx_it.o(.ARM.exidx.text.BusFault_Handler), (8 bytes).
    Removing stm32f4xx_it.o(.ARM.exidx.text.UsageFault_Handler), (8 bytes).
    Removing stm32f4xx_it.o(.ARM.exidx.text.SVC_Handler), (8 bytes).
    Removing stm32f4xx_it.o(.ARM.exidx.text.DebugMon_Handler), (8 bytes).
    Removing stm32f4xx_it.o(.ARM.exidx.text.PendSV_Handler), (8 bytes).
    Removing stm32f4xx_it.o(.ARM.exidx.text.SysTick_Handler), (8 bytes).
    Removing stm32f4xx_it.o(.ARM.exidx.text.EXTI0_IRQHandler), (8 bytes).
    Removing delay.o(.text), (0 bytes).
    Removing delay.o(.ARM.exidx.text.MY_Delay_Init), (8 bytes).
    Removing delay.o(.text.MY_Delay_us), (58 bytes).
    Removing delay.o(.ARM.exidx.text.MY_Delay_us), (8 bytes).
    Removing delay.o(.ARM.exidx.text.MY_Delay_ms), (8 bytes).
    Removing sys.o(.text), (0 bytes).
    Removing sys.o(.ARM.exidx.text.SystemClock_Config), (8 bytes).
    Removing sys.o(.text.Error_Handler), (10 bytes).
    Removing sys.o(.ARM.exidx.text.Error_Handler), (8 bytes).
    Removing led.o(.text), (0 bytes).
    Removing led.o(.ARM.exidx.text.Led_Init), (8 bytes).
    Removing usart.o(.text), (0 bytes).
    Removing usart.o(.ARM.exidx.text.USARTX_UART_Init), (8 bytes).
    Removing usart.o(.ARM.exidx.text.HAL_UART_MspInit), (8 bytes).
    Removing usart.o(.ARM.exidx.text.USART1_IRQHandler), (8 bytes).
    Removing usart.o(.ARM.exidx.text.HAL_UART_RxCpltCallback), (8 bytes).
    Removing usart.o(.ARM.exidx.text.fputc), (8 bytes).
    Removing usart.o(.text.fgetc), (40 bytes).
    Removing usart.o(.ARM.exidx.text.fgetc), (8 bytes).
    Removing dadd.o(.text), (334 bytes).
    Removing dmul.o(.text), (228 bytes).
    Removing ddiv.o(.text), (222 bytes).
    Removing dfixul.o(.text), (48 bytes).
    Removing cdrcmple.o(.text), (48 bytes).
    Removing depilogue.o(.text), (186 bytes).

2279 unused section(s) (total 117339 bytes) removed from the image.

==============================================================================

Image Symbol Table

    Local Symbols

    Symbol Name                              Value     Ov Type        Size  Object(Section)

    ../clib/division.s                       0x00000000   Number         0  aeabi_sdiv.o ABSOLUTE
    ../clib/microlib/division.c              0x00000000   Number         0  uldiv.o ABSOLUTE
    ../clib/microlib/division.c              0x00000000   Number         0  uidiv.o ABSOLUTE
    ../clib/microlib/init/entry.s            0x00000000   Number         0  entry.o ABSOLUTE
    ../clib/microlib/init/entry.s            0x00000000   Number         0  entry2.o ABSOLUTE
    ../clib/microlib/init/entry.s            0x00000000   Number         0  entry5.o ABSOLUTE
    ../clib/microlib/init/entry.s            0x00000000   Number         0  entry7a.o ABSOLUTE
    ../clib/microlib/init/entry.s            0x00000000   Number         0  entry7b.o ABSOLUTE
    ../clib/microlib/init/entry.s            0x00000000   Number         0  entry8a.o ABSOLUTE
    ../clib/microlib/init/entry.s            0x00000000   Number         0  entry8b.o ABSOLUTE
    ../clib/microlib/init/entry.s            0x00000000   Number         0  entry9a.o ABSOLUTE
    ../clib/microlib/init/entry.s            0x00000000   Number         0  entry9b.o ABSOLUTE
    ../clib/microlib/init/entry.s            0x00000000   Number         0  entry10a.o ABSOLUTE
    ../clib/microlib/init/entry.s            0x00000000   Number         0  entry10b.o ABSOLUTE
    ../clib/microlib/init/entry.s            0x00000000   Number         0  entry11a.o ABSOLUTE
    ../clib/microlib/init/entry.s            0x00000000   Number         0  entry11b.o ABSOLUTE
    ../clib/microlib/longlong.c              0x00000000   Number         0  llshl.o ABSOLUTE
    ../clib/microlib/longlong.c              0x00000000   Number         0  llushr.o ABSOLUTE
    ../clib/microlib/longlong.c              0x00000000   Number         0  llsshr.o ABSOLUTE
    ../clib/microlib/printf/printf.c         0x00000000   Number         0  printfb.o ABSOLUTE
    ../clib/microlib/printf/printf.c         0x00000000   Number         0  printf0.o ABSOLUTE
    ../clib/microlib/printf/printf.c         0x00000000   Number         0  printf1.o ABSOLUTE
    ../clib/microlib/printf/printf.c         0x00000000   Number         0  printf2.o ABSOLUTE
    ../clib/microlib/printf/printf.c         0x00000000   Number         0  printf3.o ABSOLUTE
    ../clib/microlib/printf/printf.c         0x00000000   Number         0  printf4.o ABSOLUTE
    ../clib/microlib/printf/printf.c         0x00000000   Number         0  printf5.o ABSOLUTE
    ../clib/microlib/printf/printf.c         0x00000000   Number         0  printf6.o ABSOLUTE
    ../clib/microlib/printf/printf.c         0x00000000   Number         0  printf7.o ABSOLUTE
    ../clib/microlib/printf/printf.c         0x00000000   Number         0  printf8.o ABSOLUTE
    ../clib/microlib/printf/printf.c         0x00000000   Number         0  printfa.o ABSOLUTE
    ../clib/microlib/printf/stubs.s          0x00000000   Number         0  printfstubs.o ABSOLUTE
    ../clib/microlib/stdio/puts.c            0x00000000   Number         0  puts.o ABSOLUTE
    ../clib/microlib/stdio/puts.c            0x00000000   Number         0  puts_e.o ABSOLUTE
    ../clib/microlib/stdio/streams.c         0x00000000   Number         0  stdout.o ABSOLUTE
    ../clib/microlib/string/memset.c         0x00000000   Number         0  memseta.o ABSOLUTE
    ../clib/microlib/stubs.s                 0x00000000   Number         0  iusefp.o ABSOLUTE
    ../fplib/microlib/fpadd.c                0x00000000   Number         0  dadd.o ABSOLUTE
    ../fplib/microlib/fpdiv.c                0x00000000   Number         0  ddiv.o ABSOLUTE
    ../fplib/microlib/fpepilogue.c           0x00000000   Number         0  depilogue.o ABSOLUTE
    ../fplib/microlib/fpfix.c                0x00000000   Number         0  dfixul.o ABSOLUTE
    ../fplib/microlib/fpmul.c                0x00000000   Number         0  dmul.o ABSOLUTE
    ..\Libraries\CMSIS\Device\ST\STM32F4xx\Source\Templates\arm\startup_stm32f407xx.s 0x00000000   Number         0  startup_stm32f407xx.o ABSOLUTE
    cdrcmple.s                               0x00000000   Number         0  cdrcmple.o ABSOLUTE
    dc.s                                     0x00000000   Number         0  dc.o ABSOLUTE
    delay.c                                  0x00000000   Number         0  delay.o ABSOLUTE
    handlers.s                               0x00000000   Number         0  handlers.o ABSOLUTE
    init.s                                   0x00000000   Number         0  init.o ABSOLUTE
    led.c                                    0x00000000   Number         0  led.o ABSOLUTE
    main.c                                   0x00000000   Number         0  main.o ABSOLUTE
    stm32f4xx_hal.c                          0x00000000   Number         0  stm32f4xx_hal.o ABSOLUTE
    stm32f4xx_hal_adc.c                      0x00000000   Number         0  stm32f4xx_hal_adc.o ABSOLUTE
    stm32f4xx_hal_adc_ex.c                   0x00000000   Number         0  stm32f4xx_hal_adc_ex.o ABSOLUTE
    stm32f4xx_hal_can.c                      0x00000000   Number         0  stm32f4xx_hal_can.o ABSOLUTE
    stm32f4xx_hal_cec.c                      0x00000000   Number         0  stm32f4xx_hal_cec.o ABSOLUTE
    stm32f4xx_hal_cortex.c                   0x00000000   Number         0  stm32f4xx_hal_cortex.o ABSOLUTE
    stm32f4xx_hal_crc.c                      0x00000000   Number         0  stm32f4xx_hal_crc.o ABSOLUTE
    stm32f4xx_hal_cryp.c                     0x00000000   Number         0  stm32f4xx_hal_cryp.o ABSOLUTE
    stm32f4xx_hal_cryp_ex.c                  0x00000000   Number         0  stm32f4xx_hal_cryp_ex.o ABSOLUTE
    stm32f4xx_hal_dac.c                      0x00000000   Number         0  stm32f4xx_hal_dac.o ABSOLUTE
    stm32f4xx_hal_dac_ex.c                   0x00000000   Number         0  stm32f4xx_hal_dac_ex.o ABSOLUTE
    stm32f4xx_hal_dcmi.c                     0x00000000   Number         0  stm32f4xx_hal_dcmi.o ABSOLUTE
    stm32f4xx_hal_dcmi_ex.c                  0x00000000   Number         0  stm32f4xx_hal_dcmi_ex.o ABSOLUTE
    stm32f4xx_hal_dfsdm.c                    0x00000000   Number         0  stm32f4xx_hal_dfsdm.o ABSOLUTE
    stm32f4xx_hal_dma.c                      0x00000000   Number         0  stm32f4xx_hal_dma.o ABSOLUTE
    stm32f4xx_hal_dma2d.c                    0x00000000   Number         0  stm32f4xx_hal_dma2d.o ABSOLUTE
    stm32f4xx_hal_dma_ex.c                   0x00000000   Number         0  stm32f4xx_hal_dma_ex.o ABSOLUTE
    stm32f4xx_hal_dsi.c                      0x00000000   Number         0  stm32f4xx_hal_dsi.o ABSOLUTE
    stm32f4xx_hal_eth.c                      0x00000000   Number         0  stm32f4xx_hal_eth.o ABSOLUTE
    stm32f4xx_hal_exti.c                     0x00000000   Number         0  stm32f4xx_hal_exti.o ABSOLUTE
    stm32f4xx_hal_flash.c                    0x00000000   Number         0  stm32f4xx_hal_flash.o ABSOLUTE
    stm32f4xx_hal_flash_ex.c                 0x00000000   Number         0  stm32f4xx_hal_flash_ex.o ABSOLUTE
    stm32f4xx_hal_flash_ramfunc.c            0x00000000   Number         0  stm32f4xx_hal_flash_ramfunc.o ABSOLUTE
    stm32f4xx_hal_fmpi2c.c                   0x00000000   Number         0  stm32f4xx_hal_fmpi2c.o ABSOLUTE
    stm32f4xx_hal_fmpi2c_ex.c                0x00000000   Number         0  stm32f4xx_hal_fmpi2c_ex.o ABSOLUTE
    stm32f4xx_hal_gpio.c                     0x00000000   Number         0  stm32f4xx_hal_gpio.o ABSOLUTE
    stm32f4xx_hal_hash.c                     0x00000000   Number         0  stm32f4xx_hal_hash.o ABSOLUTE
    stm32f4xx_hal_hash_ex.c                  0x00000000   Number         0  stm32f4xx_hal_hash_ex.o ABSOLUTE
    stm32f4xx_hal_hcd.c                      0x00000000   Number         0  stm32f4xx_hal_hcd.o ABSOLUTE
    stm32f4xx_hal_i2c.c                      0x00000000   Number         0  stm32f4xx_hal_i2c.o ABSOLUTE
    stm32f4xx_hal_i2c_ex.c                   0x00000000   Number         0  stm32f4xx_hal_i2c_ex.o ABSOLUTE
    stm32f4xx_hal_i2s.c                      0x00000000   Number         0  stm32f4xx_hal_i2s.o ABSOLUTE
    stm32f4xx_hal_i2s_ex.c                   0x00000000   Number         0  stm32f4xx_hal_i2s_ex.o ABSOLUTE
    stm32f4xx_hal_irda.c                     0x00000000   Number         0  stm32f4xx_hal_irda.o ABSOLUTE
    stm32f4xx_hal_iwdg.c                     0x00000000   Number         0  stm32f4xx_hal_iwdg.o ABSOLUTE
    stm32f4xx_hal_lptim.c                    0x00000000   Number         0  stm32f4xx_hal_lptim.o ABSOLUTE
    stm32f4xx_hal_ltdc.c                     0x00000000   Number         0  stm32f4xx_hal_ltdc.o ABSOLUTE
    stm32f4xx_hal_ltdc_ex.c                  0x00000000   Number         0  stm32f4xx_hal_ltdc_ex.o ABSOLUTE
    stm32f4xx_hal_mmc.c                      0x00000000   Number         0  stm32f4xx_hal_mmc.o ABSOLUTE
    stm32f4xx_hal_msp_template.c             0x00000000   Number         0  stm32f4xx_hal_msp_template.o ABSOLUTE
    stm32f4xx_hal_nand.c                     0x00000000   Number         0  stm32f4xx_hal_nand.o ABSOLUTE
    stm32f4xx_hal_nor.c                      0x00000000   Number         0  stm32f4xx_hal_nor.o ABSOLUTE
    stm32f4xx_hal_pccard.c                   0x00000000   Number         0  stm32f4xx_hal_pccard.o ABSOLUTE
    stm32f4xx_hal_pcd.c                      0x00000000   Number         0  stm32f4xx_hal_pcd.o ABSOLUTE
    stm32f4xx_hal_pcd_ex.c                   0x00000000   Number         0  stm32f4xx_hal_pcd_ex.o ABSOLUTE
    stm32f4xx_hal_pwr.c                      0x00000000   Number         0  stm32f4xx_hal_pwr.o ABSOLUTE
    stm32f4xx_hal_pwr_ex.c                   0x00000000   Number         0  stm32f4xx_hal_pwr_ex.o ABSOLUTE
    stm32f4xx_hal_qspi.c                     0x00000000   Number         0  stm32f4xx_hal_qspi.o ABSOLUTE
    stm32f4xx_hal_rcc.c                      0x00000000   Number         0  stm32f4xx_hal_rcc.o ABSOLUTE
    stm32f4xx_hal_rcc_ex.c                   0x00000000   Number         0  stm32f4xx_hal_rcc_ex.o ABSOLUTE
    stm32f4xx_hal_rng.c                      0x00000000   Number         0  stm32f4xx_hal_rng.o ABSOLUTE
    stm32f4xx_hal_rtc.c                      0x00000000   Number         0  stm32f4xx_hal_rtc.o ABSOLUTE
    stm32f4xx_hal_rtc_ex.c                   0x00000000   Number         0  stm32f4xx_hal_rtc_ex.o ABSOLUTE
    stm32f4xx_hal_sai.c                      0x00000000   Number         0  stm32f4xx_hal_sai.o ABSOLUTE
    stm32f4xx_hal_sai_ex.c                   0x00000000   Number         0  stm32f4xx_hal_sai_ex.o ABSOLUTE
    stm32f4xx_hal_sd.c                       0x00000000   Number         0  stm32f4xx_hal_sd.o ABSOLUTE
    stm32f4xx_hal_sdram.c                    0x00000000   Number         0  stm32f4xx_hal_sdram.o ABSOLUTE
    stm32f4xx_hal_smartcard.c                0x00000000   Number         0  stm32f4xx_hal_smartcard.o ABSOLUTE
    stm32f4xx_hal_smbus.c                    0x00000000   Number         0  stm32f4xx_hal_smbus.o ABSOLUTE
    stm32f4xx_hal_spdifrx.c                  0x00000000   Number         0  stm32f4xx_hal_spdifrx.o ABSOLUTE
    stm32f4xx_hal_spi.c                      0x00000000   Number         0  stm32f4xx_hal_spi.o ABSOLUTE
    stm32f4xx_hal_sram.c                     0x00000000   Number         0  stm32f4xx_hal_sram.o ABSOLUTE
    stm32f4xx_hal_tim.c                      0x00000000   Number         0  stm32f4xx_hal_tim.o ABSOLUTE
    stm32f4xx_hal_tim_ex.c                   0x00000000   Number         0  stm32f4xx_hal_tim_ex.o ABSOLUTE
    stm32f4xx_hal_uart.c                     0x00000000   Number         0  stm32f4xx_hal_uart.o ABSOLUTE
    stm32f4xx_hal_usart.c                    0x00000000   Number         0  stm32f4xx_hal_usart.o ABSOLUTE
    stm32f4xx_hal_wwdg.c                     0x00000000   Number         0  stm32f4xx_hal_wwdg.o ABSOLUTE
    stm32f4xx_it.c                           0x00000000   Number         0  stm32f4xx_it.o ABSOLUTE
    stm32f4xx_ll_adc.c                       0x00000000   Number         0  stm32f4xx_ll_adc.o ABSOLUTE
    stm32f4xx_ll_crc.c                       0x00000000   Number         0  stm32f4xx_ll_crc.o ABSOLUTE
    stm32f4xx_ll_dac.c                       0x00000000   Number         0  stm32f4xx_ll_dac.o ABSOLUTE
    stm32f4xx_ll_dma.c                       0x00000000   Number         0  stm32f4xx_ll_dma.o ABSOLUTE
    stm32f4xx_ll_dma2d.c                     0x00000000   Number         0  stm32f4xx_ll_dma2d.o ABSOLUTE
    stm32f4xx_ll_exti.c                      0x00000000   Number         0  stm32f4xx_ll_exti.o ABSOLUTE
    stm32f4xx_ll_fmc.c                       0x00000000   Number         0  stm32f4xx_ll_fmc.o ABSOLUTE
    stm32f4xx_ll_fsmc.c                      0x00000000   Number         0  stm32f4xx_ll_fsmc.o ABSOLUTE
    stm32f4xx_ll_gpio.c                      0x00000000   Number         0  stm32f4xx_ll_gpio.o ABSOLUTE
    stm32f4xx_ll_i2c.c                       0x00000000   Number         0  stm32f4xx_ll_i2c.o ABSOLUTE
    stm32f4xx_ll_lptim.c                     0x00000000   Number         0  stm32f4xx_ll_lptim.o ABSOLUTE
    stm32f4xx_ll_pwr.c                       0x00000000   Number         0  stm32f4xx_ll_pwr.o ABSOLUTE
    stm32f4xx_ll_rcc.c                       0x00000000   Number         0  stm32f4xx_ll_rcc.o ABSOLUTE
    stm32f4xx_ll_rng.c                       0x00000000   Number         0  stm32f4xx_ll_rng.o ABSOLUTE
    stm32f4xx_ll_rtc.c                       0x00000000   Number         0  stm32f4xx_ll_rtc.o ABSOLUTE
    stm32f4xx_ll_sdmmc.c                     0x00000000   Number         0  stm32f4xx_ll_sdmmc.o ABSOLUTE
    stm32f4xx_ll_spi.c                       0x00000000   Number         0  stm32f4xx_ll_spi.o ABSOLUTE
    stm32f4xx_ll_tim.c                       0x00000000   Number         0  stm32f4xx_ll_tim.o ABSOLUTE
    stm32f4xx_ll_usart.c                     0x00000000   Number         0  stm32f4xx_ll_usart.o ABSOLUTE
    stm32f4xx_ll_usb.c                       0x00000000   Number         0  stm32f4xx_ll_usb.o ABSOLUTE
    stm32f4xx_ll_utils.c                     0x00000000   Number         0  stm32f4xx_ll_utils.o ABSOLUTE
    sys.c                                    0x00000000   Number         0  sys.o ABSOLUTE
    system_stm32f4xx.c                       0x00000000   Number         0  system_stm32f4xx.o ABSOLUTE
    usart.c                                  0x00000000   Number         0  usart.o ABSOLUTE
    RESET                                    0x08000000   Section      392  startup_stm32f407xx.o(RESET)
    .ARM.Collect$$$$00000000                 0x08000188   Section        0  entry.o(.ARM.Collect$$$$00000000)
    .ARM.Collect$$$$00000001                 0x08000188   Section        4  entry2.o(.ARM.Collect$$$$00000001)
    .ARM.Collect$$$$00000004                 0x0800018c   Section        4  entry5.o(.ARM.Collect$$$$00000004)
    .ARM.Collect$$$$00000008                 0x08000190   Section        0  entry7b.o(.ARM.Collect$$$$00000008)
    .ARM.Collect$$$$0000000A                 0x08000190   Section        0  entry8b.o(.ARM.Collect$$$$0000000A)
    .ARM.Collect$$$$0000000B                 0x08000190   Section        8  entry9a.o(.ARM.Collect$$$$0000000B)
    __lit__00000000                          0x08000198   Data           4  entry2.o(.ARM.Collect$$$$00002712)
    .ARM.Collect$$$$0000000D                 0x08000198   Section        0  entry10a.o(.ARM.Collect$$$$0000000D)
    .ARM.Collect$$$$0000000F                 0x08000198   Section        0  entry11a.o(.ARM.Collect$$$$0000000F)
    .ARM.Collect$$$$00002712                 0x08000198   Section        4  entry2.o(.ARM.Collect$$$$00002712)
    $v0                                      0x0800019c   Number         0  startup_stm32f407xx.o(.text)
    .text                                    0x0800019c   Section       36  startup_stm32f407xx.o(.text)
    .text                                    0x080001c0   Section        0  uldiv.o(.text)
    .text                                    0x08000222   Section        0  memseta.o(.text)
    .text                                    0x08000246   Section        0  uidiv.o(.text)
    .text                                    0x08000272   Section        0  llshl.o(.text)
    .text                                    0x08000290   Section        0  llushr.o(.text)
    .text                                    0x080002b0   Section       36  init.o(.text)
    [Anonymous Symbol]                       0x080002d4   Section        0  stm32f4xx_it.o(.text.BusFault_Handler)
    [Anonymous Symbol]                       0x080002d8   Section        0  stm32f4xx_it.o(.text.DebugMon_Handler)
    [Anonymous Symbol]                       0x080002dc   Section        0  stm32f4xx_it.o(.text.EXTI0_IRQHandler)
    [Anonymous Symbol]                       0x080002e0   Section        0  stm32f4xx_hal_dma.o(.text.HAL_DMA_Abort_IT)
    [Anonymous Symbol]                       0x08000304   Section        0  stm32f4xx_hal_gpio.o(.text.HAL_GPIO_Init)
    [Anonymous Symbol]                       0x080004a0   Section        0  stm32f4xx_hal_gpio.o(.text.HAL_GPIO_WritePin)
    [Anonymous Symbol]                       0x080004ac   Section        0  stm32f4xx_hal.o(.text.HAL_GetTick)
    [Anonymous Symbol]                       0x080004b8   Section        0  stm32f4xx_hal.o(.text.HAL_IncTick)
    [Anonymous Symbol]                       0x080004d4   Section        0  stm32f4xx_hal.o(.text.HAL_InitTick)
    [Anonymous Symbol]                       0x08000524   Section        0  stm32f4xx_hal_cortex.o(.text.HAL_NVIC_EnableIRQ)
    [Anonymous Symbol]                       0x08000544   Section        0  stm32f4xx_hal_cortex.o(.text.HAL_NVIC_SetPriority)
    [Anonymous Symbol]                       0x0800059c   Section        0  stm32f4xx_hal_rcc.o(.text.HAL_RCC_ClockConfig)
    [Anonymous Symbol]                       0x080006f0   Section        0  stm32f4xx_hal_rcc.o(.text.HAL_RCC_GetHCLKFreq)
    [Anonymous Symbol]                       0x080006fc   Section        0  stm32f4xx_hal_rcc.o(.text.HAL_RCC_GetPCLK1Freq)
    [Anonymous Symbol]                       0x08000724   Section        0  stm32f4xx_hal_rcc.o(.text.HAL_RCC_GetPCLK2Freq)
    [Anonymous Symbol]                       0x0800074c   Section        0  stm32f4xx_hal_rcc.o(.text.HAL_RCC_GetSysClockFreq)
    [Anonymous Symbol]                       0x080007b4   Section        0  stm32f4xx_hal_rcc.o(.text.HAL_RCC_OscConfig)
    [Anonymous Symbol]                       0x08000aa8   Section        0  stm32f4xx_hal_cortex.o(.text.HAL_SYSTICK_Config)
    [Anonymous Symbol]                       0x08000ad4   Section        0  stm32f4xx_hal_uart.o(.text.HAL_UART_ErrorCallback)
    [Anonymous Symbol]                       0x08000ad8   Section        0  stm32f4xx_hal_uart.o(.text.HAL_UART_GetState)
    [Anonymous Symbol]                       0x08000ae8   Section        0  stm32f4xx_hal_uart.o(.text.HAL_UART_IRQHandler)
    [Anonymous Symbol]                       0x08000c70   Section        0  stm32f4xx_hal_uart.o(.text.HAL_UART_Init)
    [Anonymous Symbol]                       0x08000cd0   Section        0  usart.o(.text.HAL_UART_MspInit)
    [Anonymous Symbol]                       0x08000d78   Section        0  stm32f4xx_hal_uart.o(.text.HAL_UART_Receive_IT)
    [Anonymous Symbol]                       0x08000dcc   Section        0  usart.o(.text.HAL_UART_RxCpltCallback)
    [Anonymous Symbol]                       0x08000efc   Section        0  stm32f4xx_hal_uart.o(.text.HAL_UART_Transmit)
    [Anonymous Symbol]                       0x08001038   Section        0  stm32f4xx_hal_uart.o(.text.HAL_UART_TxCpltCallback)
    [Anonymous Symbol]                       0x0800103c   Section        0  stm32f4xx_it.o(.text.HardFault_Handler)
    [Anonymous Symbol]                       0x08001040   Section        0  led.o(.text.Led_Init)
    [Anonymous Symbol]                       0x080010c4   Section        0  delay.o(.text.MY_Delay_Init)
    [Anonymous Symbol]                       0x080010e4   Section        0  delay.o(.text.MY_Delay_ms)
    [Anonymous Symbol]                       0x08001128   Section        0  stm32f4xx_it.o(.text.MemManage_Handler)
    [Anonymous Symbol]                       0x0800112c   Section        0  stm32f4xx_it.o(.text.NMI_Handler)
    [Anonymous Symbol]                       0x08001130   Section        0  stm32f4xx_it.o(.text.PendSV_Handler)
    [Anonymous Symbol]                       0x08001134   Section        0  stm32f4xx_it.o(.text.SVC_Handler)
    [Anonymous Symbol]                       0x08001138   Section        0  stm32f4xx_it.o(.text.SysTick_Handler)
    [Anonymous Symbol]                       0x0800113c   Section        0  sys.o(.text.SystemClock_Config)
    [Anonymous Symbol]                       0x080011ec   Section        0  system_stm32f4xx.o(.text.SystemInit)
    UART_DMAAbortOnError                     0x08001245   Thumb Code    12  stm32f4xx_hal_uart.o(.text.UART_DMAAbortOnError)
    [Anonymous Symbol]                       0x08001244   Section        0  stm32f4xx_hal_uart.o(.text.UART_DMAAbortOnError)
    UART_Receive_IT                          0x08001251   Thumb Code   118  stm32f4xx_hal_uart.o(.text.UART_Receive_IT)
    [Anonymous Symbol]                       0x08001250   Section        0  stm32f4xx_hal_uart.o(.text.UART_Receive_IT)
    UART_SetConfig                           0x080012c9   Thumb Code   650  stm32f4xx_hal_uart.o(.text.UART_SetConfig)
    [Anonymous Symbol]                       0x080012c8   Section        0  stm32f4xx_hal_uart.o(.text.UART_SetConfig)
    [Anonymous Symbol]                       0x08001554   Section        0  usart.o(.text.USART1_IRQHandler)
    [Anonymous Symbol]                       0x08001560   Section        0  usart.o(.text.USARTX_UART_Init)
    [Anonymous Symbol]                       0x080015a0   Section        0  stm32f4xx_it.o(.text.UsageFault_Handler)
    [Anonymous Symbol]                       0x080015a4   Section        0  usart.o(.text.fputc)
    [Anonymous Symbol]                       0x080015c4   Section        0  main.o(.text.main)
    i.__0printf$1                            0x08001674   Section        0  printf1.o(i.__0printf$1)
    i.__scatterload_copy                     0x08001694   Section       14  handlers.o(i.__scatterload_copy)
    i.__scatterload_null                     0x080016a2   Section        2  handlers.o(i.__scatterload_null)
    i.__scatterload_zeroinit                 0x080016a4   Section       14  handlers.o(i.__scatterload_zeroinit)
    _printf_core                             0x080016b5   Thumb Code   336  printf1.o(i._printf_core)
    i._printf_core                           0x080016b4   Section        0  printf1.o(i._printf_core)
    i.puts                                   0x08001808   Section        0  puts.o(i.puts)
    .data                                    0x20000000   Section        4  stdout.o(.data)
    g_fac_us                                 0x20000020   Data           4  delay.o(.bss.g_fac_us)
    [Anonymous Symbol]                       0x20000020   Section        0  delay.o(.bss.g_fac_us)
    STACK                                    0x20000178   Section     1024  startup_stm32f407xx.o(STACK)

    Global Symbols

    Symbol Name                              Value     Ov Type        Size  Object(Section)

    BuildAttributes$$THM_ISAv4$E$P$D$K$B$S$7EM$VFPi3$EXTD16$VFPS$VFMA$PE$A:L22UL41UL21$X:L11$S22US41US21$IEEE1$IW$~IW$USESV6$~STKCKD$USESV7$~SHL$OTIME$ROPI$EBA8$MICROLIB$REQ8$PRES8$EABIv2 0x00000000   Number         0  anon$$obj.o ABSOLUTE
    _printf_a                                0x00000000   Number         0  printfstubs.o ABSOLUTE
    _printf_c                                0x00000000   Number         0  printfstubs.o ABSOLUTE
    _printf_charcount                        0x00000000   Number         0  printfstubs.o ABSOLUTE
    _printf_d                                0x00000000   Number         0  printfstubs.o ABSOLUTE
    _printf_e                                0x00000000   Number         0  printfstubs.o ABSOLUTE
    _printf_f                                0x00000000   Number         0  printfstubs.o ABSOLUTE
    _printf_flags                            0x00000000   Number         0  printfstubs.o ABSOLUTE
    _printf_fp_dec                           0x00000000   Number         0  printfstubs.o ABSOLUTE
    _printf_fp_hex                           0x00000000   Number         0  printfstubs.o ABSOLUTE
    _printf_g                                0x00000000   Number         0  printfstubs.o ABSOLUTE
    _printf_i                                0x00000000   Number         0  printfstubs.o ABSOLUTE
    _printf_int_dec                          0x00000000   Number         0  printfstubs.o ABSOLUTE
    _printf_l                                0x00000000   Number         0  printfstubs.o ABSOLUTE
    _printf_lc                               0x00000000   Number         0  printfstubs.o ABSOLUTE
    _printf_ll                               0x00000000   Number         0  printfstubs.o ABSOLUTE
    _printf_lld                              0x00000000   Number         0  printfstubs.o ABSOLUTE
    _printf_lli                              0x00000000   Number         0  printfstubs.o ABSOLUTE
    _printf_llo                              0x00000000   Number         0  printfstubs.o ABSOLUTE
    _printf_llu                              0x00000000   Number         0  printfstubs.o ABSOLUTE
    _printf_llx                              0x00000000   Number         0  printfstubs.o ABSOLUTE
    _printf_longlong_dec                     0x00000000   Number         0  printfstubs.o ABSOLUTE
    _printf_longlong_hex                     0x00000000   Number         0  printfstubs.o ABSOLUTE
    _printf_longlong_oct                     0x00000000   Number         0  printfstubs.o ABSOLUTE
    _printf_ls                               0x00000000   Number         0  printfstubs.o ABSOLUTE
    _printf_mbtowc                           0x00000000   Number         0  printfstubs.o ABSOLUTE
    _printf_n                                0x00000000   Number         0  printfstubs.o ABSOLUTE
    _printf_o                                0x00000000   Number         0  printfstubs.o ABSOLUTE
    _printf_p                                0x00000000   Number         0  printfstubs.o ABSOLUTE
    _printf_percent                          0x00000000   Number         0  printfstubs.o ABSOLUTE
    _printf_pre_padding                      0x00000000   Number         0  printfstubs.o ABSOLUTE
    _printf_return_value                     0x00000000   Number         0  printfstubs.o ABSOLUTE
    _printf_s                                0x00000000   Number         0  printfstubs.o ABSOLUTE
    _printf_sizespec                         0x00000000   Number         0  printfstubs.o ABSOLUTE
    _printf_str                              0x00000000   Number         0  printfstubs.o ABSOLUTE
    _printf_truncate_signed                  0x00000000   Number         0  printfstubs.o ABSOLUTE
    _printf_truncate_unsigned                0x00000000   Number         0  printfstubs.o ABSOLUTE
    _printf_u                                0x00000000   Number         0  printfstubs.o ABSOLUTE
    _printf_wc                               0x00000000   Number         0  printfstubs.o ABSOLUTE
    _printf_wctomb                           0x00000000   Number         0  printfstubs.o ABSOLUTE
    _printf_widthprec                        0x00000000   Number         0  printfstubs.o ABSOLUTE
    _printf_x                                0x00000000   Number         0  printfstubs.o ABSOLUTE
    __cpp_initialize__aeabi_                  - Undefined Weak Reference
    __cxa_finalize                            - Undefined Weak Reference
    __decompress                              - Undefined Weak Reference
    _clock_init                               - Undefined Weak Reference
    _microlib_exit                            - Undefined Weak Reference
    __Vectors_Size                           0x00000188   Number         0  startup_stm32f407xx.o ABSOLUTE
    __Vectors                                0x08000000   Data           4  startup_stm32f407xx.o(RESET)
    __Vectors_End                            0x08000188   Data           0  startup_stm32f407xx.o(RESET)
    __main                                   0x08000189   Thumb Code     0  entry.o(.ARM.Collect$$$$00000000)
    _main_stk                                0x08000189   Thumb Code     0  entry2.o(.ARM.Collect$$$$00000001)
    _main_scatterload                        0x0800018d   Thumb Code     0  entry5.o(.ARM.Collect$$$$00000004)
    __main_after_scatterload                 0x08000191   Thumb Code     0  entry5.o(.ARM.Collect$$$$00000004)
    _main_clock                              0x08000191   Thumb Code     0  entry7b.o(.ARM.Collect$$$$00000008)
    _main_cpp_init                           0x08000191   Thumb Code     0  entry8b.o(.ARM.Collect$$$$0000000A)
    _main_init                               0x08000191   Thumb Code     0  entry9a.o(.ARM.Collect$$$$0000000B)
    __rt_final_cpp                           0x08000199   Thumb Code     0  entry10a.o(.ARM.Collect$$$$0000000D)
    __rt_final_exit                          0x08000199   Thumb Code     0  entry11a.o(.ARM.Collect$$$$0000000F)
    Reset_Handler                            0x0800019d   Thumb Code     8  startup_stm32f407xx.o(.text)
    ADC_IRQHandler                           0x080001b7   Thumb Code     0  startup_stm32f407xx.o(.text)
    CAN1_RX0_IRQHandler                      0x080001b7   Thumb Code     0  startup_stm32f407xx.o(.text)
    CAN1_RX1_IRQHandler                      0x080001b7   Thumb Code     0  startup_stm32f407xx.o(.text)
    CAN1_SCE_IRQHandler                      0x080001b7   Thumb Code     0  startup_stm32f407xx.o(.text)
    CAN1_TX_IRQHandler                       0x080001b7   Thumb Code     0  startup_stm32f407xx.o(.text)
    CAN2_RX0_IRQHandler                      0x080001b7   Thumb Code     0  startup_stm32f407xx.o(.text)
    CAN2_RX1_IRQHandler                      0x080001b7   Thumb Code     0  startup_stm32f407xx.o(.text)
    CAN2_SCE_IRQHandler                      0x080001b7   Thumb Code     0  startup_stm32f407xx.o(.text)
    CAN2_TX_IRQHandler                       0x080001b7   Thumb Code     0  startup_stm32f407xx.o(.text)
    DCMI_IRQHandler                          0x080001b7   Thumb Code     0  startup_stm32f407xx.o(.text)
    DMA1_Stream0_IRQHandler                  0x080001b7   Thumb Code     0  startup_stm32f407xx.o(.text)
    DMA1_Stream1_IRQHandler                  0x080001b7   Thumb Code     0  startup_stm32f407xx.o(.text)
    DMA1_Stream2_IRQHandler                  0x080001b7   Thumb Code     0  startup_stm32f407xx.o(.text)
    DMA1_Stream3_IRQHandler                  0x080001b7   Thumb Code     0  startup_stm32f407xx.o(.text)
    DMA1_Stream4_IRQHandler                  0x080001b7   Thumb Code     0  startup_stm32f407xx.o(.text)
    DMA1_Stream5_IRQHandler                  0x080001b7   Thumb Code     0  startup_stm32f407xx.o(.text)
    DMA1_Stream6_IRQHandler                  0x080001b7   Thumb Code     0  startup_stm32f407xx.o(.text)
    DMA1_Stream7_IRQHandler                  0x080001b7   Thumb Code     0  startup_stm32f407xx.o(.text)
    DMA2_Stream0_IRQHandler                  0x080001b7   Thumb Code     0  startup_stm32f407xx.o(.text)
    DMA2_Stream1_IRQHandler                  0x080001b7   Thumb Code     0  startup_stm32f407xx.o(.text)
    DMA2_Stream2_IRQHandler                  0x080001b7   Thumb Code     0  startup_stm32f407xx.o(.text)
    DMA2_Stream3_IRQHandler                  0x080001b7   Thumb Code     0  startup_stm32f407xx.o(.text)
    DMA2_Stream4_IRQHandler                  0x080001b7   Thumb Code     0  startup_stm32f407xx.o(.text)
    DMA2_Stream5_IRQHandler                  0x080001b7   Thumb Code     0  startup_stm32f407xx.o(.text)
    DMA2_Stream6_IRQHandler                  0x080001b7   Thumb Code     0  startup_stm32f407xx.o(.text)
    DMA2_Stream7_IRQHandler                  0x080001b7   Thumb Code     0  startup_stm32f407xx.o(.text)
    ETH_IRQHandler                           0x080001b7   Thumb Code     0  startup_stm32f407xx.o(.text)
    ETH_WKUP_IRQHandler                      0x080001b7   Thumb Code     0  startup_stm32f407xx.o(.text)
    EXTI15_10_IRQHandler                     0x080001b7   Thumb Code     0  startup_stm32f407xx.o(.text)
    EXTI1_IRQHandler                         0x080001b7   Thumb Code     0  startup_stm32f407xx.o(.text)
    EXTI2_IRQHandler                         0x080001b7   Thumb Code     0  startup_stm32f407xx.o(.text)
    EXTI3_IRQHandler                         0x080001b7   Thumb Code     0  startup_stm32f407xx.o(.text)
    EXTI4_IRQHandler                         0x080001b7   Thumb Code     0  startup_stm32f407xx.o(.text)
    EXTI9_5_IRQHandler                       0x080001b7   Thumb Code     0  startup_stm32f407xx.o(.text)
    FLASH_IRQHandler                         0x080001b7   Thumb Code     0  startup_stm32f407xx.o(.text)
    FMC_IRQHandler                           0x080001b7   Thumb Code     0  startup_stm32f407xx.o(.text)
    FPU_IRQHandler                           0x080001b7   Thumb Code     0  startup_stm32f407xx.o(.text)
    HASH_RNG_IRQHandler                      0x080001b7   Thumb Code     0  startup_stm32f407xx.o(.text)
    I2C1_ER_IRQHandler                       0x080001b7   Thumb Code     0  startup_stm32f407xx.o(.text)
    I2C1_EV_IRQHandler                       0x080001b7   Thumb Code     0  startup_stm32f407xx.o(.text)
    I2C2_ER_IRQHandler                       0x080001b7   Thumb Code     0  startup_stm32f407xx.o(.text)
    I2C2_EV_IRQHandler                       0x080001b7   Thumb Code     0  startup_stm32f407xx.o(.text)
    I2C3_ER_IRQHandler                       0x080001b7   Thumb Code     0  startup_stm32f407xx.o(.text)
    I2C3_EV_IRQHandler                       0x080001b7   Thumb Code     0  startup_stm32f407xx.o(.text)
    OTG_FS_IRQHandler                        0x080001b7   Thumb Code     0  startup_stm32f407xx.o(.text)
    OTG_FS_WKUP_IRQHandler                   0x080001b7   Thumb Code     0  startup_stm32f407xx.o(.text)
    OTG_HS_EP1_IN_IRQHandler                 0x080001b7   Thumb Code     0  startup_stm32f407xx.o(.text)
    OTG_HS_EP1_OUT_IRQHandler                0x080001b7   Thumb Code     0  startup_stm32f407xx.o(.text)
    OTG_HS_IRQHandler                        0x080001b7   Thumb Code     0  startup_stm32f407xx.o(.text)
    OTG_HS_WKUP_IRQHandler                   0x080001b7   Thumb Code     0  startup_stm32f407xx.o(.text)
    PVD_IRQHandler                           0x080001b7   Thumb Code     0  startup_stm32f407xx.o(.text)
    RCC_IRQHandler                           0x080001b7   Thumb Code     0  startup_stm32f407xx.o(.text)
    RTC_Alarm_IRQHandler                     0x080001b7   Thumb Code     0  startup_stm32f407xx.o(.text)
    RTC_WKUP_IRQHandler                      0x080001b7   Thumb Code     0  startup_stm32f407xx.o(.text)
    SDIO_IRQHandler                          0x080001b7   Thumb Code     0  startup_stm32f407xx.o(.text)
    SPI1_IRQHandler                          0x080001b7   Thumb Code     0  startup_stm32f407xx.o(.text)
    SPI2_IRQHandler                          0x080001b7   Thumb Code     0  startup_stm32f407xx.o(.text)
    SPI3_IRQHandler                          0x080001b7   Thumb Code     0  startup_stm32f407xx.o(.text)
    TAMP_STAMP_IRQHandler                    0x080001b7   Thumb Code     0  startup_stm32f407xx.o(.text)
    TIM1_BRK_TIM9_IRQHandler                 0x080001b7   Thumb Code     0  startup_stm32f407xx.o(.text)
    TIM1_CC_IRQHandler                       0x080001b7   Thumb Code     0  startup_stm32f407xx.o(.text)
    TIM1_TRG_COM_TIM11_IRQHandler            0x080001b7   Thumb Code     0  startup_stm32f407xx.o(.text)
    TIM1_UP_TIM10_IRQHandler                 0x080001b7   Thumb Code     0  startup_stm32f407xx.o(.text)
    TIM2_IRQHandler                          0x080001b7   Thumb Code     0  startup_stm32f407xx.o(.text)
    TIM3_IRQHandler                          0x080001b7   Thumb Code     0  startup_stm32f407xx.o(.text)
    TIM4_IRQHandler                          0x080001b7   Thumb Code     0  startup_stm32f407xx.o(.text)
    TIM5_IRQHandler                          0x080001b7   Thumb Code     0  startup_stm32f407xx.o(.text)
    TIM6_DAC_IRQHandler                      0x080001b7   Thumb Code     0  startup_stm32f407xx.o(.text)
    TIM7_IRQHandler                          0x080001b7   Thumb Code     0  startup_stm32f407xx.o(.text)
    TIM8_BRK_TIM12_IRQHandler                0x080001b7   Thumb Code     0  startup_stm32f407xx.o(.text)
    TIM8_CC_IRQHandler                       0x080001b7   Thumb Code     0  startup_stm32f407xx.o(.text)
    TIM8_TRG_COM_TIM14_IRQHandler            0x080001b7   Thumb Code     0  startup_stm32f407xx.o(.text)
    TIM8_UP_TIM13_IRQHandler                 0x080001b7   Thumb Code     0  startup_stm32f407xx.o(.text)
    UART4_IRQHandler                         0x080001b7   Thumb Code     0  startup_stm32f407xx.o(.text)
    UART5_IRQHandler                         0x080001b7   Thumb Code     0  startup_stm32f407xx.o(.text)
    USART2_IRQHandler                        0x080001b7   Thumb Code     0  startup_stm32f407xx.o(.text)
    USART3_IRQHandler                        0x080001b7   Thumb Code     0  startup_stm32f407xx.o(.text)
    USART6_IRQHandler                        0x080001b7   Thumb Code     0  startup_stm32f407xx.o(.text)
    WWDG_IRQHandler                          0x080001b7   Thumb Code     0  startup_stm32f407xx.o(.text)
    __aeabi_uldivmod                         0x080001c1   Thumb Code    98  uldiv.o(.text)
    __aeabi_memset                           0x08000223   Thumb Code    14  memseta.o(.text)
    __aeabi_memset4                          0x08000223   Thumb Code     0  memseta.o(.text)
    __aeabi_memset8                          0x08000223   Thumb Code     0  memseta.o(.text)
    __aeabi_memclr                           0x08000231   Thumb Code     4  memseta.o(.text)
    __aeabi_memclr4                          0x08000231   Thumb Code     0  memseta.o(.text)
    __aeabi_memclr8                          0x08000231   Thumb Code     0  memseta.o(.text)
    _memset$wrapper                          0x08000235   Thumb Code    18  memseta.o(.text)
    __aeabi_uidiv                            0x08000247   Thumb Code     0  uidiv.o(.text)
    __aeabi_uidivmod                         0x08000247   Thumb Code    44  uidiv.o(.text)
    __aeabi_llsl                             0x08000273   Thumb Code    30  llshl.o(.text)
    _ll_shift_l                              0x08000273   Thumb Code     0  llshl.o(.text)
    __aeabi_llsr                             0x08000291   Thumb Code    32  llushr.o(.text)
    _ll_ushift_r                             0x08000291   Thumb Code     0  llushr.o(.text)
    __scatterload                            0x080002b1   Thumb Code    28  init.o(.text)
    __scatterload_rt2                        0x080002b1   Thumb Code     0  init.o(.text)
    BusFault_Handler                         0x080002d5   Thumb Code     2  stm32f4xx_it.o(.text.BusFault_Handler)
    DebugMon_Handler                         0x080002d9   Thumb Code     2  stm32f4xx_it.o(.text.DebugMon_Handler)
    EXTI0_IRQHandler                         0x080002dd   Thumb Code     2  stm32f4xx_it.o(.text.EXTI0_IRQHandler)
    HAL_DMA_Abort_IT                         0x080002e1   Thumb Code    36  stm32f4xx_hal_dma.o(.text.HAL_DMA_Abort_IT)
    HAL_GPIO_Init                            0x08000305   Thumb Code   410  stm32f4xx_hal_gpio.o(.text.HAL_GPIO_Init)
    HAL_GPIO_WritePin                        0x080004a1   Thumb Code    10  stm32f4xx_hal_gpio.o(.text.HAL_GPIO_WritePin)
    HAL_GetTick                              0x080004ad   Thumb Code    12  stm32f4xx_hal.o(.text.HAL_GetTick)
    HAL_IncTick                              0x080004b9   Thumb Code    26  stm32f4xx_hal.o(.text.HAL_IncTick)
    HAL_InitTick                             0x080004d5   Thumb Code    80  stm32f4xx_hal.o(.text.HAL_InitTick)
    HAL_NVIC_EnableIRQ                       0x08000525   Thumb Code    32  stm32f4xx_hal_cortex.o(.text.HAL_NVIC_EnableIRQ)
    HAL_NVIC_SetPriority                     0x08000545   Thumb Code    86  stm32f4xx_hal_cortex.o(.text.HAL_NVIC_SetPriority)
    HAL_RCC_ClockConfig                      0x0800059d   Thumb Code   340  stm32f4xx_hal_rcc.o(.text.HAL_RCC_ClockConfig)
    HAL_RCC_GetHCLKFreq                      0x080006f1   Thumb Code    12  stm32f4xx_hal_rcc.o(.text.HAL_RCC_GetHCLKFreq)
    HAL_RCC_GetPCLK1Freq                     0x080006fd   Thumb Code    38  stm32f4xx_hal_rcc.o(.text.HAL_RCC_GetPCLK1Freq)
    HAL_RCC_GetPCLK2Freq                     0x08000725   Thumb Code    38  stm32f4xx_hal_rcc.o(.text.HAL_RCC_GetPCLK2Freq)
    HAL_RCC_GetSysClockFreq                  0x0800074d   Thumb Code   104  stm32f4xx_hal_rcc.o(.text.HAL_RCC_GetSysClockFreq)
    HAL_RCC_OscConfig                        0x080007b5   Thumb Code   754  stm32f4xx_hal_rcc.o(.text.HAL_RCC_OscConfig)
    HAL_SYSTICK_Config                       0x08000aa9   Thumb Code    44  stm32f4xx_hal_cortex.o(.text.HAL_SYSTICK_Config)
    HAL_UART_ErrorCallback                   0x08000ad5   Thumb Code     2  stm32f4xx_hal_uart.o(.text.HAL_UART_ErrorCallback)
    HAL_UART_GetState                        0x08000ad9   Thumb Code    14  stm32f4xx_hal_uart.o(.text.HAL_UART_GetState)
    HAL_UART_IRQHandler                      0x08000ae9   Thumb Code   390  stm32f4xx_hal_uart.o(.text.HAL_UART_IRQHandler)
    HAL_UART_Init                            0x08000c71   Thumb Code    94  stm32f4xx_hal_uart.o(.text.HAL_UART_Init)
    HAL_UART_MspInit                         0x08000cd1   Thumb Code   168  usart.o(.text.HAL_UART_MspInit)
    HAL_UART_Receive_IT                      0x08000d79   Thumb Code    84  stm32f4xx_hal_uart.o(.text.HAL_UART_Receive_IT)
    HAL_UART_RxCpltCallback                  0x08000dcd   Thumb Code   232  usart.o(.text.HAL_UART_RxCpltCallback)
    HAL_UART_Transmit                        0x08000efd   Thumb Code   314  stm32f4xx_hal_uart.o(.text.HAL_UART_Transmit)
    HAL_UART_TxCpltCallback                  0x08001039   Thumb Code     2  stm32f4xx_hal_uart.o(.text.HAL_UART_TxCpltCallback)
    HardFault_Handler                        0x0800103d   Thumb Code     2  stm32f4xx_it.o(.text.HardFault_Handler)
    Led_Init                                 0x08001041   Thumb Code   130  led.o(.text.Led_Init)
    MY_Delay_Init                            0x080010c5   Thumb Code    32  delay.o(.text.MY_Delay_Init)
    MY_Delay_ms                              0x080010e5   Thumb Code    66  delay.o(.text.MY_Delay_ms)
    MemManage_Handler                        0x08001129   Thumb Code     2  stm32f4xx_it.o(.text.MemManage_Handler)
    NMI_Handler                              0x0800112d   Thumb Code     2  stm32f4xx_it.o(.text.NMI_Handler)
    PendSV_Handler                           0x08001131   Thumb Code     2  stm32f4xx_it.o(.text.PendSV_Handler)
    SVC_Handler                              0x08001135   Thumb Code     2  stm32f4xx_it.o(.text.SVC_Handler)
    SysTick_Handler                          0x08001139   Thumb Code     4  stm32f4xx_it.o(.text.SysTick_Handler)
    SystemClock_Config                       0x0800113d   Thumb Code   174  sys.o(.text.SystemClock_Config)
    SystemInit                               0x080011ed   Thumb Code    86  system_stm32f4xx.o(.text.SystemInit)
    USART1_IRQHandler                        0x08001555   Thumb Code    12  usart.o(.text.USART1_IRQHandler)
    USARTX_UART_Init                         0x08001561   Thumb Code    64  usart.o(.text.USARTX_UART_Init)
    UsageFault_Handler                       0x080015a1   Thumb Code     2  stm32f4xx_it.o(.text.UsageFault_Handler)
    fputc                                    0x080015a5   Thumb Code    32  usart.o(.text.fputc)
    main                                     0x080015c5   Thumb Code   160  main.o(.text.main)
    __0printf$1                              0x08001675   Thumb Code    22  printf1.o(i.__0printf$1)
    __1printf$1                              0x08001675   Thumb Code     0  printf1.o(i.__0printf$1)
    __2printf                                0x08001675   Thumb Code     0  printf1.o(i.__0printf$1)
    __scatterload_copy                       0x08001695   Thumb Code    14  handlers.o(i.__scatterload_copy)
    __scatterload_null                       0x080016a3   Thumb Code     2  handlers.o(i.__scatterload_null)
    __scatterload_zeroinit                   0x080016a5   Thumb Code    14  handlers.o(i.__scatterload_zeroinit)
    puts                                     0x08001809   Thumb Code    30  puts.o(i.puts)
    AHBPrescTable                            0x0800182c   Data          16  system_stm32f4xx.o(.rodata.AHBPrescTable)
    APBPrescTable                            0x0800183c   Data           8  system_stm32f4xx.o(.rodata.APBPrescTable)
    Region$$Table$$Base                      0x08001844   Number         0  anon$$obj.o(Region$$Table)
    Region$$Table$$Limit                     0x08001864   Number         0  anon$$obj.o(Region$$Table)
    __stdout                                 0x20000000   Data           4  stdout.o(.data)
    SystemCoreClock                          0x20000004   Data           4  system_stm32f4xx.o(.data.SystemCoreClock)
    uwTickFreq                               0x20000008   Data           1  stm32f4xx_hal.o(.data.uwTickFreq)
    uwTickPrio                               0x2000000c   Data           4  stm32f4xx_hal.o(.data.uwTickPrio)
    HClk                                     0x20000010   Data           4  main.o(.bss.HClk)
    PClk1                                    0x20000014   Data           4  main.o(.bss.PClk1)
    PClk2                                    0x20000018   Data           4  main.o(.bss.PClk2)
    data_buffer                              0x2000001c   Data           1  usart.o(.bss.data_buffer)
    g_recv_buff                              0x20000024   Data         256  usart.o(.bss.g_recv_buff)
    g_recv_length                            0x20000124   Data           1  usart.o(.bss.g_recv_length)
    huart1                                   0x20000128   Data          64  usart.o(.bss.huart1)
    sysclock                                 0x20000168   Data           4  main.o(.bss.sysclock)
    usart1_rx_finish_flag                    0x2000016c   Data           1  usart.o(.bss.usart1_rx_finish_flag)
    uwTick                                   0x20000170   Data           4  stm32f4xx_hal.o(.bss.uwTick)
    __initial_sp                             0x20000578   Data           0  startup_stm32f407xx.o(STACK)



==============================================================================

Memory Map of the image

  Image Entry point : 0x08000189

  Load Region LR_IROM1 (Base: 0x08000000, Size: 0x00001878, Max: 0x00100000, ABSOLUTE)

    Execution Region ER_IROM1 (Exec base: 0x08000000, Load base: 0x08000000, Size: 0x00001864, Max: 0x00100000, ABSOLUTE)

    Exec Addr    Load Addr    Size         Type   Attr      Idx    E Section Name        Object

    0x08000000   0x08000000   0x00000188   Data   RO            3    RESET               startup_stm32f407xx.o
    0x08000188   0x08000188   0x00000000   Code   RO         2715  * .ARM.Collect$$$$00000000  mc_w.l(entry.o)
    0x08000188   0x08000188   0x00000004   Code   RO         2987    .ARM.Collect$$$$00000001  mc_w.l(entry2.o)
    0x0800018c   0x0800018c   0x00000004   Code   RO         2990    .ARM.Collect$$$$00000004  mc_w.l(entry5.o)
    0x08000190   0x08000190   0x00000000   Code   RO         2992    .ARM.Collect$$$$00000008  mc_w.l(entry7b.o)
    0x08000190   0x08000190   0x00000000   Code   RO         2994    .ARM.Collect$$$$0000000A  mc_w.l(entry8b.o)
    0x08000190   0x08000190   0x00000008   Code   RO         2995    .ARM.Collect$$$$0000000B  mc_w.l(entry9a.o)
    0x08000198   0x08000198   0x00000000   Code   RO         2997    .ARM.Collect$$$$0000000D  mc_w.l(entry10a.o)
    0x08000198   0x08000198   0x00000000   Code   RO         2999    .ARM.Collect$$$$0000000F  mc_w.l(entry11a.o)
    0x08000198   0x08000198   0x00000004   Code   RO         2988    .ARM.Collect$$$$00002712  mc_w.l(entry2.o)
    0x0800019c   0x0800019c   0x00000024   Code   RO            4    .text               startup_stm32f407xx.o
    0x080001c0   0x080001c0   0x00000062   Code   RO         2722    .text               mc_w.l(uldiv.o)
    0x08000222   0x08000222   0x00000024   Code   RO         2724    .text               mc_w.l(memseta.o)
    0x08000246   0x08000246   0x0000002c   Code   RO         3011    .text               mc_w.l(uidiv.o)
    0x08000272   0x08000272   0x0000001e   Code   RO         3013    .text               mc_w.l(llshl.o)
    0x08000290   0x08000290   0x00000020   Code   RO         3015    .text               mc_w.l(llushr.o)
    0x080002b0   0x080002b0   0x00000024   Code   RO         3028    .text               mc_w.l(init.o)
    0x080002d4   0x080002d4   0x00000002   Code   RO         2635    .text.BusFault_Handler  stm32f4xx_it.o
    0x080002d6   0x080002d6   0x00000002   PAD
    0x080002d8   0x080002d8   0x00000002   Code   RO         2641    .text.DebugMon_Handler  stm32f4xx_it.o
    0x080002da   0x080002da   0x00000002   PAD
    0x080002dc   0x080002dc   0x00000002   Code   RO         2647    .text.EXTI0_IRQHandler  stm32f4xx_it.o
    0x080002de   0x080002de   0x00000002   PAD
    0x080002e0   0x080002e0   0x00000024   Code   RO          486    .text.HAL_DMA_Abort_IT  stm32f4xx_hal_dma.o
    0x08000304   0x08000304   0x0000019a   Code   RO          582    .text.HAL_GPIO_Init  stm32f4xx_hal_gpio.o
    0x0800049e   0x0800049e   0x00000002   PAD
    0x080004a0   0x080004a0   0x0000000a   Code   RO          588    .text.HAL_GPIO_WritePin  stm32f4xx_hal_gpio.o
    0x080004aa   0x080004aa   0x00000002   PAD
    0x080004ac   0x080004ac   0x0000000c   Code   RO           38    .text.HAL_GetTick   stm32f4xx_hal.o
    0x080004b8   0x080004b8   0x0000001a   Code   RO           36    .text.HAL_IncTick   stm32f4xx_hal.o
    0x080004d2   0x080004d2   0x00000002   PAD
    0x080004d4   0x080004d4   0x00000050   Code   RO           28    .text.HAL_InitTick  stm32f4xx_hal.o
    0x08000524   0x08000524   0x00000020   Code   RO          272    .text.HAL_NVIC_EnableIRQ  stm32f4xx_hal_cortex.o
    0x08000544   0x08000544   0x00000056   Code   RO          270    .text.HAL_NVIC_SetPriority  stm32f4xx_hal_cortex.o
    0x0800059a   0x0800059a   0x00000002   PAD
    0x0800059c   0x0800059c   0x00000154   Code   RO         1282    .text.HAL_RCC_ClockConfig  stm32f4xx_hal_rcc.o
    0x080006f0   0x080006f0   0x0000000c   Code   RO         1292    .text.HAL_RCC_GetHCLKFreq  stm32f4xx_hal_rcc.o
    0x080006fc   0x080006fc   0x00000026   Code   RO         1294    .text.HAL_RCC_GetPCLK1Freq  stm32f4xx_hal_rcc.o
    0x08000722   0x08000722   0x00000002   PAD
    0x08000724   0x08000724   0x00000026   Code   RO         1296    .text.HAL_RCC_GetPCLK2Freq  stm32f4xx_hal_rcc.o
    0x0800074a   0x0800074a   0x00000002   PAD
    0x0800074c   0x0800074c   0x00000068   Code   RO         1284    .text.HAL_RCC_GetSysClockFreq  stm32f4xx_hal_rcc.o
    0x080007b4   0x080007b4   0x000002f2   Code   RO         1280    .text.HAL_RCC_OscConfig  stm32f4xx_hal_rcc.o
    0x08000aa6   0x08000aa6   0x00000002   PAD
    0x08000aa8   0x08000aa8   0x0000002c   Code   RO          280    .text.HAL_SYSTICK_Config  stm32f4xx_hal_cortex.o
    0x08000ad4   0x08000ad4   0x00000002   Code   RO         2195    .text.HAL_UART_ErrorCallback  stm32f4xx_hal_uart.o
    0x08000ad6   0x08000ad6   0x00000002   PAD
    0x08000ad8   0x08000ad8   0x0000000e   Code   RO         2215    .text.HAL_UART_GetState  stm32f4xx_hal_uart.o
    0x08000ae6   0x08000ae6   0x00000002   PAD
    0x08000ae8   0x08000ae8   0x00000186   Code   RO         2189    .text.HAL_UART_IRQHandler  stm32f4xx_hal_uart.o
    0x08000c6e   0x08000c6e   0x00000002   PAD
    0x08000c70   0x08000c70   0x0000005e   Code   RO         2119    .text.HAL_UART_Init  stm32f4xx_hal_uart.o
    0x08000cce   0x08000cce   0x00000002   PAD
    0x08000cd0   0x08000cd0   0x000000a8   Code   RO         2693    .text.HAL_UART_MspInit  usart.o
    0x08000d78   0x08000d78   0x00000054   Code   RO         2141    .text.HAL_UART_Receive_IT  stm32f4xx_hal_uart.o
    0x08000dcc   0x08000dcc   0x00000130   Code   RO         2697    .text.HAL_UART_RxCpltCallback  usart.o
    0x08000efc   0x08000efc   0x0000013a   Code   RO         2135    .text.HAL_UART_Transmit  stm32f4xx_hal_uart.o
    0x08001036   0x08001036   0x00000002   PAD
    0x08001038   0x08001038   0x00000002   Code   RO         2197    .text.HAL_UART_TxCpltCallback  stm32f4xx_hal_uart.o
    0x0800103a   0x0800103a   0x00000002   PAD
    0x0800103c   0x0800103c   0x00000002   Code   RO         2631    .text.HardFault_Handler  stm32f4xx_it.o
    0x0800103e   0x0800103e   0x00000002   PAD
    0x08001040   0x08001040   0x00000082   Code   RO         2682    .text.Led_Init      led.o
    0x080010c2   0x080010c2   0x00000002   PAD
    0x080010c4   0x080010c4   0x00000020   Code   RO         2656    .text.MY_Delay_Init  delay.o
    0x080010e4   0x080010e4   0x00000042   Code   RO         2660    .text.MY_Delay_ms   delay.o
    0x08001126   0x08001126   0x00000002   PAD
    0x08001128   0x08001128   0x00000002   Code   RO         2633    .text.MemManage_Handler  stm32f4xx_it.o
    0x0800112a   0x0800112a   0x00000002   PAD
    0x0800112c   0x0800112c   0x00000002   Code   RO         2629    .text.NMI_Handler   stm32f4xx_it.o
    0x0800112e   0x0800112e   0x00000002   PAD
    0x08001130   0x08001130   0x00000002   Code   RO         2643    .text.PendSV_Handler  stm32f4xx_it.o
    0x08001132   0x08001132   0x00000002   PAD
    0x08001134   0x08001134   0x00000002   Code   RO         2639    .text.SVC_Handler   stm32f4xx_it.o
    0x08001136   0x08001136   0x00000002   PAD
    0x08001138   0x08001138   0x00000004   Code   RO         2645    .text.SysTick_Handler  stm32f4xx_it.o
    0x0800113c   0x0800113c   0x000000ae   Code   RO         2671    .text.SystemClock_Config  sys.o
    0x080011ea   0x080011ea   0x00000002   PAD
    0x080011ec   0x080011ec   0x00000056   Code   RO           11    .text.SystemInit    system_stm32f4xx.o
    0x08001242   0x08001242   0x00000002   PAD
    0x08001244   0x08001244   0x0000000c   Code   RO         2193    .text.UART_DMAAbortOnError  stm32f4xx_hal_uart.o
    0x08001250   0x08001250   0x00000076   Code   RO         2191    .text.UART_Receive_IT  stm32f4xx_hal_uart.o
    0x080012c6   0x080012c6   0x00000002   PAD
    0x080012c8   0x080012c8   0x0000028a   Code   RO         2123    .text.UART_SetConfig  stm32f4xx_hal_uart.o
    0x08001552   0x08001552   0x00000002   PAD
    0x08001554   0x08001554   0x0000000c   Code   RO         2695    .text.USART1_IRQHandler  usart.o
    0x08001560   0x08001560   0x00000040   Code   RO         2691    .text.USARTX_UART_Init  usart.o
    0x080015a0   0x080015a0   0x00000002   Code   RO         2637    .text.UsageFault_Handler  stm32f4xx_it.o
    0x080015a2   0x080015a2   0x00000002   PAD
    0x080015a4   0x080015a4   0x00000020   Code   RO         2699    .text.fputc         usart.o
    0x080015c4   0x080015c4   0x000000b0   Code   RO         2616    .text.main          main.o
    0x08001674   0x08001674   0x00000020   Code   RO         2771    i.__0printf$1       mc_w.l(printf1.o)
    0x08001694   0x08001694   0x0000000e   Code   RO         3036    i.__scatterload_copy  mc_w.l(handlers.o)
    0x080016a2   0x080016a2   0x00000002   Code   RO         3037    i.__scatterload_null  mc_w.l(handlers.o)
    0x080016a4   0x080016a4   0x0000000e   Code   RO         3038    i.__scatterload_zeroinit  mc_w.l(handlers.o)
    0x080016b2   0x080016b2   0x00000002   PAD
    0x080016b4   0x080016b4   0x00000154   Code   RO         2778    i._printf_core      mc_w.l(printf1.o)
    0x08001808   0x08001808   0x00000024   Code   RO         2718    i.puts              mc_w.l(puts.o)
    0x0800182c   0x0800182c   0x00000010   Data   RO           16    .rodata.AHBPrescTable  system_stm32f4xx.o
    0x0800183c   0x0800183c   0x00000008   Data   RO           17    .rodata.APBPrescTable  system_stm32f4xx.o
    0x08001844   0x08001844   0x00000020   Data   RO         3035    Region$$Table       anon$$obj.o


    Execution Region RW_IRAM1 (Exec base: 0x20000000, Load base: 0x08001868, Size: 0x00000578, Max: 0x00020000, ABSOLUTE)

    Exec Addr    Load Addr    Size         Type   Attr      Idx    E Section Name        Object

    0x20000000   0x08001868   0x00000004   Data   RW         3001    .data               mc_w.l(stdout.o)
    0x20000004   0x0800186c   0x00000004   Data   RW           15    .data.SystemCoreClock  system_stm32f4xx.o
    0x20000008   0x08001870   0x00000001   Data   RW           81    .data.uwTickFreq    stm32f4xx_hal.o
    0x20000009   0x08001871   0x00000003   PAD
    0x2000000c   0x08001874   0x00000004   Data   RW           80    .data.uwTickPrio    stm32f4xx_hal.o
    0x20000010        -       0x00000004   Zero   RW         2619    .bss.HClk           main.o
    0x20000014        -       0x00000004   Zero   RW         2620    .bss.PClk1          main.o
    0x20000018        -       0x00000004   Zero   RW         2621    .bss.PClk2          main.o
    0x2000001c        -       0x00000001   Zero   RW         2706    .bss.data_buffer    usart.o
    0x2000001d   0x08001878   0x00000003   PAD
    0x20000020        -       0x00000004   Zero   RW         2662    .bss.g_fac_us       delay.o
    0x20000024        -       0x00000100   Zero   RW         2707    .bss.g_recv_buff    usart.o
    0x20000124        -       0x00000001   Zero   RW         2704    .bss.g_recv_length  usart.o
    0x20000125   0x08001878   0x00000003   PAD
    0x20000128        -       0x00000040   Zero   RW         2705    .bss.huart1         usart.o
    0x20000168        -       0x00000004   Zero   RW         2618    .bss.sysclock       main.o
    0x2000016c        -       0x00000001   Zero   RW         2703    .bss.usart1_rx_finish_flag  usart.o
    0x2000016d   0x08001878   0x00000003   PAD
    0x20000170        -       0x00000004   Zero   RW           82    .bss.uwTick         stm32f4xx_hal.o
    0x20000174   0x08001878   0x00000004   PAD
    0x20000178        -       0x00000400   Zero   RW            1    STACK               startup_stm32f407xx.o


==============================================================================

Image component sizes


      Code (inc. data)   RO Data    RW Data    ZI Data      Debug   Object Name

        98          0          0          0          4       1865   delay.o
       130          0          0          0          0       2085   led.o
       176         16          0          0         16       1289   main.o
        36          8        392          0       1024        952   startup_stm32f407xx.o
       118          0          0          5          4       7217   stm32f4xx_hal.o
       162          0          0          0          0      10508   stm32f4xx_hal_cortex.o
        36          0          0          0          0       9800   stm32f4xx_hal_dma.o
       420          0          0          0          0       5005   stm32f4xx_hal_gpio.o
      1286          0          0          0          0       7171   stm32f4xx_hal_rcc.o
      1680          0          0          0          0      18808   stm32f4xx_hal_uart.o
        22          0          0          0          0       1213   stm32f4xx_it.o
       174          0          0          0          0       2588   sys.o
        86          0         24          4          0       2756   system_stm32f4xx.o
       580         72          0          0        323       7999   usart.o

    ----------------------------------------------------------------------
      5060         96        448         12       1384      79256   Object Totals
         0          0         32          0          0          0   (incl. Generated)
        56          0          0          3         13          0   (incl. Padding)

    ----------------------------------------------------------------------

      Code (inc. data)   RO Data    RW Data    ZI Data      Debug   Library Member Name

         0          0          0          0          0          0   entry.o
         0          0          0          0          0          0   entry10a.o
         0          0          0          0          0          0   entry11a.o
         8          4          0          0          0          0   entry2.o
         4          0          0          0          0          0   entry5.o
         0          0          0          0          0          0   entry7b.o
         0          0          0          0          0          0   entry8b.o
         8          4          0          0          0          0   entry9a.o
        30          0          0          0          0          0   handlers.o
        36          8          0          0          0         68   init.o
        30          0          0          0          0         68   llshl.o
        32          0          0          0          0         68   llushr.o
        36          0          0          0          0        108   memseta.o
       372         14          0          0          0        184   printf1.o
        36          6          0          0          0         80   puts.o
         0          0          0          4          0          0   stdout.o
        44          0          0          0          0         80   uidiv.o
        98          0          0          0          0         92   uldiv.o

    ----------------------------------------------------------------------
       736         36          0          4          0        748   Library Totals
         2          0          0          0          0          0   (incl. Padding)

    ----------------------------------------------------------------------

      Code (inc. data)   RO Data    RW Data    ZI Data      Debug   Library Name

       734         36          0          4          0        748   mc_w.l

    ----------------------------------------------------------------------
       736         36          0          4          0        748   Library Totals

    ----------------------------------------------------------------------

==============================================================================


      Code (inc. data)   RO Data    RW Data    ZI Data      Debug   

      5796        132        448         16       1384      79656   Grand Totals
      5796        132        448         16       1384      79656   ELF Image Totals
      5796        132        448         16          0          0   ROM Totals

==============================================================================

    Total RO  Size (Code + RO Data)                 6244 (   6.10kB)
    Total RW  Size (RW Data + ZI Data)              1400 (   1.37kB)
    Total ROM Size (Code + RO Data + RW Data)       6260 (   6.11kB)

==============================================================================

